 
+----------------------------+
| Real-space lattice vectors |
+----------------------------+
 
vector a1 :    0.000000000       4.119602953       4.119602953    
vector a2 :    4.119602953       0.000000000       4.119602953    
vector a3 :    4.119602953       4.119602953       0.000000000    
 
Stored column-wise as a matrix :
   0.000000000       4.119602953       4.119602953    
   4.119602953       0.000000000       4.119602953    
   4.119602953       4.119602953       0.000000000    
 
Inverse of matrix :
 -0.1213709199      0.1213709199      0.1213709199    
  0.1213709199     -0.1213709199      0.1213709199    
  0.1213709199      0.1213709199     -0.1213709199    
 
Unit cell volume :    139.8286221    
 
 
+----------------------------------+
| Reciprocal-space lattice vectors |
+----------------------------------+
 
vector b1 :  -0.7625959805      0.7625959805      0.7625959805    
vector b2 :   0.7625959805     -0.7625959805      0.7625959805    
vector b3 :   0.7625959805      0.7625959805     -0.7625959805    
 
Stored column-wise as a matrix :
 -0.7625959805      0.7625959805      0.7625959805    
  0.7625959805     -0.7625959805      0.7625959805    
  0.7625959805      0.7625959805     -0.7625959805    
 
Inverse of matrix :
   0.000000000      0.6556551736      0.6556551736    
  0.6556551736       0.000000000      0.6556551736    
  0.6556551736      0.6556551736       0.000000000    
 
Brillouin zone volume :    1.773958791    
