 
********************************************************************************
* Brillouin zone neighbors for k-gradient                                      *
********************************************************************************
 
 vectors to neighboring k-points (cartesian)
 
      length:     0.3302137460              weight:     3.4390696536
         1              0.1906489951         -0.1906489951          0.1906489951
         2             -0.1906489951          0.1906489951          0.1906489951
         3              0.1906489951          0.1906489951         -0.1906489951
         4              0.1906489951          0.1906489951          0.1906489951
 
 vectors to neighboring k-points (lattice)
 
      length:     0.3302137460              weight:     3.4390696536
         1              0.0000000000          0.2500000000          0.0000000000
         2              0.2500000000          0.0000000000          0.0000000000
         3              0.0000000000          0.0000000000          0.2500000000
         4              0.2500000000          0.2500000000          0.2500000000
 
 consistency check (fullfilled if unity, consider grid-dimension)
 
                        1.0000000000         -0.0000000000          0.0000000000
                       -0.0000000000          1.0000000000         -0.0000000000
                        0.0000000000         -0.0000000000          1.0000000000
 
 
********************************************************************************
* Preparation                                                                  *
********************************************************************************
 
 calculate plane-wave matrix-elements...
     duration (seconds):                         0.9
     #k-points:                                   64
     #neighbors per k-point:                       4
 
 calculate projection overlap matrices...
     duration (seconds):                         0.8
     #k-points:                                   64
     #states:                                     11
     #projection functions:                       72
 
 
********************************************************************************
* Overall set-up                                                               *
********************************************************************************
 
 lowest band:                               1
 highest band:                             11
 #bands involved:                          11
 #Wannier functions:                        8
 #groups:                                   2
 #k-points:                                64
 
********************************************************************************
* Wannierization                                                               *
********************************************************************************
 
--------------------------------------------------------------------------------
- Group:  1                                                                    -
--------------------------------------------------------------------------------
 
 lowest band:                               1
 highest band:                              4
 #bands involved:                           4
 #Wannier functions:                        4
 #projection functions:                     8
 method:                               opfmax
 
 calculate improved optimized projection functions (iOPF)...
     duration (seconds):                         0.1
     iterations:                                  23
     gradient cutoff:                   0.100000E-01
     norm of gradient:                  0.574365E-02
     Omega:                                14.439483
 
 minimize localization functional Omega...
     duration (seconds):                         2.4
     iterations:                                 439
     gradient cutoff:                   0.100000E-09
     norm of gradient:                  0.996933E-10
     Omega:                                14.391740
     reduction:                                   0%
 
 
--------------------------------------------------------------------------------
- Group:  2                                                                    -
--------------------------------------------------------------------------------
 
 lowest band:                               5
 highest band:                             11
 #bands involved:                           7
 #Wannier functions:                        4
 #projection functions (nc):               45
 method:                              disFull
 outer window:                0.0000   0.5500
 inner window:                0.0000   0.2500
 min/max bands inner window:           1/   4
 min/max bands outer window:           4/   7
 
 calculate improved optimized projection functions (iOPF)...
     duration (seconds):                         0.2
     iterations:                                  50
     gradient cutoff:                   0.100000E-01
     norm of gradient:                  0.902554E-02
     Omega:                                26.920253
 
 disentangle optimal subspace...
     duration (seconds):                         0.0
     iterations:                                  24
     convergence cutoff:                0.100000E-03
     norm of gradient:                  0.980271E-04
     Omega_I before:                       34.587381
     Omega_I after:                        31.302275
     reduction:                                   9%
 
 calculate improved optimized projection functions (iOPF)...
     duration (seconds):                         0.4
     iterations:                                 117
     gradient cutoff:                   0.100000E-01
     norm of gradient:                  0.948248E-02
     Omega:                                34.860333
 
 minimize localization functional Omega...
     duration (seconds):                         0.4
     iterations:                                 107
     gradient cutoff:                   0.100000E-09
     norm of gradient:                  0.996151E-10
     Omega:                                34.609602
     reduction:                                   1%
 
 
--------------------------------------------------------------------------------
- total duration (seconds):                 5.8                                -
--------------------------------------------------------------------------------
 
********************************************************************************
* Wannier functions                                                            *
********************************************************************************
 
   #             localization center (lattice)           Omega      Omega_I      Omega_D     Omega_OD
================================================================================
   1        0.162196     0.162196     0.162196        3.597935     3.072271     0.003724     0.521939
   2        0.162196     0.513412     0.162196        3.597935     3.072272     0.003724     0.521939
   3        0.162196     0.162196     0.513412        3.597934     3.072271     0.003724     0.521939
   4        0.513412     0.162196     0.162196        3.597936     3.072272     0.003724     0.521939
--------------------------------------------------------------------------------
                                           total:    14.391740    12.289086     0.014896     2.087758
--------------------------------------------------------------------------------
   5       -0.096946     0.290839    -0.096946        8.652398     7.861733     0.052724     0.737941
   6       -0.096946    -0.096946    -0.096946        8.652402     7.861737     0.052724     0.737941
   7        0.290839    -0.096946    -0.096946        8.652396     7.861732     0.052724     0.737941
   8       -0.096946    -0.096946     0.290839        8.652406     7.861740     0.052724     0.737941
--------------------------------------------------------------------------------
                                           total:    34.609602    31.446943     0.210895     2.951764
================================================================================
                                           total:    49.001342    43.736028     0.225791     5.039522
                                         average:     6.125168     5.467004     0.028224     0.629940
 
