 
Expectation values are computed only over the muffin-tin
 
Species :    1 ()
 atom :    1
  L :  -0.9686997160E-18 -0.6659931767E-19  0.3101430989E-17
  S :    0.000000000       0.000000000       0.000000000    
  J :  -0.9686997160E-18 -0.6659931767E-19  0.3101430989E-17
 atom :    2
  L :  -0.9686997160E-18 -0.6659931767E-19  0.3141665054E-17
  S :    0.000000000       0.000000000       0.000000000    
  J :  -0.9686997160E-18 -0.6659931767E-19  0.3141665054E-17
