  0.5873110465E-02
  0.4338474450E-02
  0.2680958654E-03
  0.1312960868E-03
  0.1591194220E-05
  0.6269119259E-06
  0.1773509701E-07
  0.4133506020E-09
  0.2253122732E-09
  0.5710852628E-11
 
