================================================================================
| EXCITING NITROGEN-14 started                                                 =
| version hash id: 1775bff4453c84689fb848894a9224f155377cfc                    =
|                                                                              =
|                                                                              =
| Date (DD-MM-YYYY) : 10-12-2020                                               =
| Time (hh:mm:ss)   : 19:59:24                                                 =
|                                                                              =
| All units are atomic (Hartree, Bohr, etc.)                                   =
================================================================================
 
********************************************************************************
* Ground-state run starting from atomic densities                              *
********************************************************************************
 
++++++++++++++++++++++++++++++++++++++++++++++++++++++++++++++++++++++++++++++++
+ Starting initialization                                                      +
++++++++++++++++++++++++++++++++++++++++++++++++++++++++++++++++++++++++++++++++
 
 Lattice vectors (cartesian) :
      5.1300000000      5.1300000000      0.0000000000
      5.1300000000      0.0000000000      5.1300000000
      0.0000000000      5.1300000000      5.1300000000
 
 Reciprocal lattice vectors (cartesian) :
      0.6123962288      0.6123962288     -0.6123962288
      0.6123962288     -0.6123962288      0.6123962288
     -0.6123962288      0.6123962288      0.6123962288
 
 Unit cell volume                           :     270.0113940000
 Brillouin zone volume                      :       0.9186657265
 
 Species :    1 (Si)
     parameters loaded from                 :    Si.xml
     name                                   :    silicon
     nuclear charge                         :     -14.00000000
     electronic charge                      :      14.00000000
     atomic mass                            :   51196.73454000
     muffin-tin radius                      :       2.10000000
     # of radial points in muffin-tin       :     300
 
     atomic positions (lattice) :
       1 :   0.00000000  0.00000000  0.00000000
       2 :   0.25000000  0.25000000  0.25000000
 
 Total number of atoms per unit cell        :       2
 
 Spin treatment                             :    spin-unpolarised
 
 Number of Bravais lattice symmetries       :      48
 Number of crystal symmetries               :      48
 
 k-point grid                               :       6    6    6
 Total number of k-points                   :      16
 k-point set is reduced with crystal symmetries
 
 R^MT_min * |G+k|_max (rgkmax)              :       7.00000000
 Species with R^MT_min                      :       1 (Si)
 Maximum |G+k| for APW functions            :       3.33333333
 Maximum |G| for potential and density      :      12.00000000
 Polynomial order for pseudochg. density    :       9
 
 G-vector grid sizes                        :      30    30    30
 Total number of G-vectors                  :    7799
 
 Maximum angular momentum used for
     APW functions                          :       8
     computing H and O matrix elements      :       8
     potential and density                  :       8
     inner part of muffin-tin               :       2
 
 Total nuclear charge                       :     -28.00000000
 Total electronic charge                    :      28.00000000
 Total core charge                          :      20.00000000
 Total valence charge                       :       8.00000000
 
 Effective Wigner radius, r_s               :       1.32041916
 
 Number of empty states                     :       5
 Total number of valence states             :      10
 
 Maximum Hamiltonian size                   :     182
 Maximum number of plane-waves              :     174
 Total number of local-orbitals             :       8
 
 Exchange-correlation type                  :       3
     Perdew-Wang, Phys. Rev. B 45, 13244 (1992)
 
 Smearing scheme                            :    Gaussian
 Smearing width                             :       0.00100000
 
 Using multisecant Broyden potential mixing
 
++++++++++++++++++++++++++++++++++++++++++++++++++++++++++++++++++++++++++++++++
+ Ending initialization                                                        +
++++++++++++++++++++++++++++++++++++++++++++++++++++++++++++++++++++++++++++++++
 
********************************************************************************
* Groundstate module started                                                   *
********************************************************************************
 Output level for this task is set to high
 
++++++++++++++++++++++++++++++++++++++++++++++++++++++++++++++++++++++++++++++++
+ Self-consistent loop started                                                 +
++++++++++++++++++++++++++++++++++++++++++++++++++++++++++++++++++++++++++++++++
 Density and potential initialised from atomic data
 
 
++++++++++++++++++++++++++++++++++++++++++++++++++++++++++++++++++++++++++++++++
+ SCF iteration number :    1                                                  +
++++++++++++++++++++++++++++++++++++++++++++++++++++++++++++++++++++++++++++++++
 Total energy                               :      -579.01143028
 _______________________________________________________________
 Fermi energy                               :         0.18806447
 Kinetic energy                             :       578.41149268
 Coulomb energy                             :     -1117.69984299
 Exchange energy                            :       -37.57576541
 Correlation energy                         :        -2.14731456
 Sum of eigenvalues                         :      -316.28317947
 Effective potential energy                 :      -894.69467215
 Coulomb potential energy                   :      -842.21459693
 xc potential energy                        :       -52.48007522
 Hartree energy                             :       187.73771582
 Electron-nuclear energy                    :     -1217.69002857
 Nuclear-nuclear energy                     :       -87.74753025
 Madelung energy                            :      -696.59254453
 Core-electron kinetic energy               :         0.00000000
 
 DOS at Fermi energy (states/Ha/cell)       :         0.00000000
 
 Electron charges :
     core                                   :        20.00000000
     core leakage                           :         0.00463657
     valence                                :         8.00000000
     interstitial                           :         3.80537352
     charge in muffin-tin spheres :
                  atom     1    Si          :        12.09731324
                  atom     2    Si          :        12.09731324
     total charge in muffin-tins            :        24.19462648
     total charge                           :        28.00000000
 
 Estimated fundamental gap                  :         0.03847996
        valence-band maximum at    1      0.0000  0.0000  0.0000
     conduction-band minimum at   10      0.3333  0.3333  0.0000
 
 Wall time (seconds)                        :         1.15
 
++++++++++++++++++++++++++++++++++++++++++++++++++++++++++++++++++++++++++++++++
+ SCF iteration number :    2                                                  +
++++++++++++++++++++++++++++++++++++++++++++++++++++++++++++++++++++++++++++++++
 Total energy                               :      -578.61489769
 _______________________________________________________________
 Fermi energy                               :         0.19251510
 Kinetic energy                             :       578.68320570
 Coulomb energy                             :     -1117.58926466
 Exchange energy                            :       -37.56219389
 Correlation energy                         :        -2.14664484
 Sum of eigenvalues                         :      -316.05911651
 Effective potential energy                 :      -894.74232221
 Coulomb potential energy                   :      -842.28105148
 xc potential energy                        :       -52.46127073
 Hartree energy                             :       187.56068293
 Electron-nuclear energy                    :     -1217.40241734
 Nuclear-nuclear energy                     :       -87.74753025
 Madelung energy                            :      -696.44873892
 Core-electron kinetic energy               :         0.00000000
 
 DOS at Fermi energy (states/Ha/cell)       :         0.00000000
 
 Electron charges :
     core                                   :        20.00000000
     core leakage                           :         0.00464305
     valence                                :         8.00000000
     interstitial                           :         3.83838240
     charge in muffin-tin spheres :
                  atom     1    Si          :        12.08080880
                  atom     2    Si          :        12.08080880
     total charge in muffin-tins            :        24.16161760
     total charge                           :        28.00000000
 
 Estimated fundamental gap                  :         0.03348002
        valence-band maximum at    1      0.0000  0.0000  0.0000
     conduction-band minimum at   13      0.5000  0.5000  0.0000
 
 Wall time (seconds)                        :         1.76
 
 RMS change in effective potential (target) :  0.158543E-01  ( 0.100000E-05)
 Absolute change in total energy   (target) :  0.396533      ( 0.100000E-05)
 Charge distance                   (target) :  0.303291E-02  ( 0.100000E-04)
 
++++++++++++++++++++++++++++++++++++++++++++++++++++++++++++++++++++++++++++++++
+ SCF iteration number :    3                                                  +
++++++++++++++++++++++++++++++++++++++++++++++++++++++++++++++++++++++++++++++++
 Total energy                               :      -578.35425965
 _______________________________________________________________
 Fermi energy                               :         0.19553493
 Kinetic energy                             :       578.86726328
 Coulomb energy                             :     -1117.52216132
 Exchange energy                            :       -37.55318697
 Correlation energy                         :        -2.14617464
 Sum of eigenvalues                         :      -315.91766120
 Effective potential energy                 :      -894.78492448
 Coulomb potential energy                   :      -842.33616126
 xc potential energy                        :       -52.44876322
 Hartree energy                             :       187.43846982
 Electron-nuclear energy                    :     -1217.21310089
 Nuclear-nuclear energy                     :       -87.74753025
 Madelung energy                            :      -696.35408069
 Core-electron kinetic energy               :         0.00000000
 
 DOS at Fermi energy (states/Ha/cell)       :         0.00000000
 
 Electron charges :
     core                                   :        20.00000000
     core leakage                           :         0.00464197
     valence                                :         8.00000000
     interstitial                           :         3.86260192
     charge in muffin-tin spheres :
                  atom     1    Si          :        12.06869904
                  atom     2    Si          :        12.06869904
     total charge in muffin-tins            :        24.13739808
     total charge                           :        28.00000000
 
 Estimated fundamental gap                  :         0.02945112
        valence-band maximum at    1      0.0000  0.0000  0.0000
     conduction-band minimum at   13      0.5000  0.5000  0.0000
 
 Wall time (seconds)                        :         2.65
 
 RMS change in effective potential (target) :  0.103342E-01  ( 0.100000E-05)
 Absolute change in total energy   (target) :  0.260638      ( 0.100000E-05)
 Charge distance                   (target) :  0.223634E-02  ( 0.100000E-04)
 
++++++++++++++++++++++++++++++++++++++++++++++++++++++++++++++++++++++++++++++++
+ SCF iteration number :    4                                                  +
++++++++++++++++++++++++++++++++++++++++++++++++++++++++++++++++++++++++++++++++
 Total energy                               :      -578.11571113
 _______________________________________________________________
 Fermi energy                               :         0.20022030
 Kinetic energy                             :       579.05823896
 Coulomb energy                             :     -1117.48516851
 Exchange energy                            :       -37.54328053
 Correlation energy                         :        -2.14550105
 Sum of eigenvalues                         :      -315.83461844
 Effective potential energy                 :      -894.89285740
 Coulomb potential energy                   :      -842.45801911
 xc potential energy                        :       -52.43483829
 Hartree energy                             :       187.27961915
 Electron-nuclear energy                    :     -1217.01725741
 Nuclear-nuclear energy                     :       -87.74753025
 Madelung energy                            :      -696.25615895
 Core-electron kinetic energy               :         0.00000000
 
 DOS at Fermi energy (states/Ha/cell)       :         0.00000000
 
 Electron charges :
     core                                   :        20.00000000
     core leakage                           :         0.00459960
     valence                                :         8.00000000
     interstitial                           :         3.90230889
     charge in muffin-tin spheres :
                  atom     1    Si          :        12.04884556
                  atom     2    Si          :        12.04884556
     total charge in muffin-tins            :        24.09769111
     total charge                           :        28.00000000
 
 Estimated fundamental gap                  :         0.02237633
        valence-band maximum at    1      0.0000  0.0000  0.0000
     conduction-band minimum at   13      0.5000  0.5000  0.0000
 
 Wall time (seconds)                        :         3.29
 
 RMS change in effective potential (target) :  0.596975E-03  ( 0.100000E-05)
 Absolute change in total energy   (target) :  0.238549      ( 0.100000E-05)
 Charge distance                   (target) :  0.384647E-02  ( 0.100000E-04)
 
++++++++++++++++++++++++++++++++++++++++++++++++++++++++++++++++++++++++++++++++
+ SCF iteration number :    5                                                  +
++++++++++++++++++++++++++++++++++++++++++++++++++++++++++++++++++++++++++++++++
 Total energy                               :      -578.07874435
 _______________________________________________________________
 Fermi energy                               :         0.20030643
 Kinetic energy                             :       579.07688900
 Coulomb energy                             :     -1117.46815890
 Exchange energy                            :       -37.54200997
 Correlation energy                         :        -2.14546448
 Sum of eigenvalues                         :      -315.81014013
 Effective potential energy                 :      -894.88702913
 Coulomb potential energy                   :      -842.45392320
 xc potential energy                        :       -52.43310592
 Hartree energy                             :       187.26670545
 Electron-nuclear energy                    :     -1216.98733410
 Nuclear-nuclear energy                     :       -87.74753025
 Madelung energy                            :      -696.24119730
 Core-electron kinetic energy               :         0.00000000
 
 DOS at Fermi energy (states/Ha/cell)       :         0.00000000
 
 Electron charges :
     core                                   :        20.00000000
     core leakage                           :         0.00460516
     valence                                :         8.00000000
     interstitial                           :         3.90336834
     charge in muffin-tin spheres :
                  atom     1    Si          :        12.04831583
                  atom     2    Si          :        12.04831583
     total charge in muffin-tins            :        24.09663166
     total charge                           :        28.00000000
 
 Estimated fundamental gap                  :         0.02227495
        valence-band maximum at    1      0.0000  0.0000  0.0000
     conduction-band minimum at   13      0.5000  0.5000  0.0000
 
 Wall time (seconds)                        :         3.99
 
 RMS change in effective potential (target) :  0.506718E-04  ( 0.100000E-05)
 Absolute change in total energy   (target) :  0.369668E-01  ( 0.100000E-05)
 Charge distance                   (target) :  0.908982E-04  ( 0.100000E-04)
 
++++++++++++++++++++++++++++++++++++++++++++++++++++++++++++++++++++++++++++++++
+ SCF iteration number :    6                                                  +
++++++++++++++++++++++++++++++++++++++++++++++++++++++++++++++++++++++++++++++++
 Total energy                               :      -578.07980205
 _______________________________________________________________
 Fermi energy                               :         0.20033019
 Kinetic energy                             :       579.07800613
 Coulomb energy                             :     -1117.47023674
 Exchange energy                            :       -37.54210658
 Correlation energy                         :        -2.14546486
 Sum of eigenvalues                         :      -315.81066729
 Effective potential energy                 :      -894.88867341
 Coulomb potential energy                   :      -842.45543835
 xc potential energy                        :       -52.43323507
 Hartree energy                             :       187.26726815
 Electron-nuclear energy                    :     -1216.98997464
 Nuclear-nuclear energy                     :       -87.74753025
 Madelung energy                            :      -696.24251757
 Core-electron kinetic energy               :         0.00000000
 
 DOS at Fermi energy (states/Ha/cell)       :         0.00000000
 
 Electron charges :
     core                                   :        20.00000000
     core leakage                           :         0.00460478
     valence                                :         8.00000000
     interstitial                           :         3.90348508
     charge in muffin-tin spheres :
                  atom     1    Si          :        12.04825746
                  atom     2    Si          :        12.04825746
     total charge in muffin-tins            :        24.09651492
     total charge                           :        28.00000000
 
 Estimated fundamental gap                  :         0.02225444
        valence-band maximum at    1      0.0000  0.0000  0.0000
     conduction-band minimum at   13      0.5000  0.5000  0.0000
 
 Wall time (seconds)                        :         4.72
 
 RMS change in effective potential (target) :  0.635613E-05  ( 0.100000E-05)
 Absolute change in total energy   (target) :  0.105770E-02  ( 0.100000E-05)
 Charge distance                   (target) :  0.169730E-04  ( 0.100000E-04)
 
++++++++++++++++++++++++++++++++++++++++++++++++++++++++++++++++++++++++++++++++
+ SCF iteration number :    7                                                  +
++++++++++++++++++++++++++++++++++++++++++++++++++++++++++++++++++++++++++++++++
 Total energy                               :      -578.08006805
 _______________________________________________________________
 Fermi energy                               :         0.20032699
 Kinetic energy                             :       579.07759073
 Coulomb energy                             :     -1117.47008703
 Exchange energy                            :       -37.54210648
 Correlation energy                         :        -2.14546527
 Sum of eigenvalues                         :      -315.81086022
 Effective potential energy                 :      -894.88845095
 Coulomb potential energy                   :      -842.45521557
 xc potential energy                        :       -52.43323538
 Hartree energy                             :       187.26734121
 Electron-nuclear energy                    :     -1216.98989800
 Nuclear-nuclear energy                     :       -87.74753025
 Madelung energy                            :      -696.24247924
 Core-electron kinetic energy               :         0.00000000
 
 DOS at Fermi energy (states/Ha/cell)       :         0.00000000
 
 Electron charges :
     core                                   :        20.00000000
     core leakage                           :         0.00460476
     valence                                :         8.00000000
     interstitial                           :         3.90345151
     charge in muffin-tin spheres :
                  atom     1    Si          :        12.04827424
                  atom     2    Si          :        12.04827424
     total charge in muffin-tins            :        24.09654849
     total charge                           :        28.00000000
 
 Estimated fundamental gap                  :         0.02225893
        valence-band maximum at    1      0.0000  0.0000  0.0000
     conduction-band minimum at   13      0.5000  0.5000  0.0000
 
 Wall time (seconds)                        :         5.52
 
 RMS change in effective potential (target) :  0.567119E-06  ( 0.100000E-05)
 Absolute change in total energy   (target) :  0.265999E-03  ( 0.100000E-05)
 Charge distance                   (target) :  0.317055E-05  ( 0.100000E-04)
 
++++++++++++++++++++++++++++++++++++++++++++++++++++++++++++++++++++++++++++++++
+ SCF iteration number :    8                                                  +
++++++++++++++++++++++++++++++++++++++++++++++++++++++++++++++++++++++++++++++++
 Total energy                               :      -578.08003459
 _______________________________________________________________
 Fermi energy                               :         0.20032683
 Kinetic energy                             :       579.07760106
 Coulomb energy                             :     -1117.47006536
 Exchange energy                            :       -37.54210505
 Correlation energy                         :        -2.14546524
 Sum of eigenvalues                         :      -315.81083867
 Effective potential energy                 :      -894.88843973
 Coulomb potential energy                   :      -842.45520629
 xc potential energy                        :       -52.43323344
 Hartree energy                             :       187.26732882
 Electron-nuclear energy                    :     -1216.98986393
 Nuclear-nuclear energy                     :       -87.74753025
 Madelung energy                            :      -696.24246221
 Core-electron kinetic energy               :         0.00000000
 
 DOS at Fermi energy (states/Ha/cell)       :         0.00000000
 
 Electron charges :
     core                                   :        20.00000000
     core leakage                           :         0.00460477
     valence                                :         8.00000000
     interstitial                           :         3.90345151
     charge in muffin-tin spheres :
                  atom     1    Si          :        12.04827425
                  atom     2    Si          :        12.04827425
     total charge in muffin-tins            :        24.09654849
     total charge                           :        28.00000000
 
 Estimated fundamental gap                  :         0.02225904
        valence-band maximum at    1      0.0000  0.0000  0.0000
     conduction-band minimum at   13      0.5000  0.5000  0.0000
 
 Wall time (seconds)                        :         6.19
 
 RMS change in effective potential (target) :  0.343071E-07  ( 0.100000E-05)
 Absolute change in total energy   (target) :  0.334638E-04  ( 0.100000E-05)
 Charge distance                   (target) :  0.112216E-06  ( 0.100000E-04)
 
++++++++++++++++++++++++++++++++++++++++++++++++++++++++++++++++++++++++++++++++
+ SCF iteration number :    9                                                  +
++++++++++++++++++++++++++++++++++++++++++++++++++++++++++++++++++++++++++++++++
 Total energy                               :      -578.08003608
 _______________________________________________________________
 Fermi energy                               :         0.20032683
 Kinetic energy                             :       579.07760108
 Coulomb energy                             :     -1117.47006679
 Exchange energy                            :       -37.54210513
 Correlation energy                         :        -2.14546524
 Sum of eigenvalues                         :      -315.81083966
 Effective potential energy                 :      -894.88844074
 Coulomb potential energy                   :      -842.45520719
 xc potential energy                        :       -52.43323354
 Hartree energy                             :       187.26732935
 Electron-nuclear energy                    :     -1216.98986589
 Nuclear-nuclear energy                     :       -87.74753025
 Madelung energy                            :      -696.24246319
 Core-electron kinetic energy               :         0.00000000
 
 DOS at Fermi energy (states/Ha/cell)       :         0.00000000
 
 Electron charges :
     core                                   :        20.00000000
     core leakage                           :         0.00460477
     valence                                :         8.00000000
     interstitial                           :         3.90345158
     charge in muffin-tin spheres :
                  atom     1    Si          :        12.04827421
                  atom     2    Si          :        12.04827421
     total charge in muffin-tins            :        24.09654842
     total charge                           :        28.00000000
 
 Estimated fundamental gap                  :         0.02225903
        valence-band maximum at    1      0.0000  0.0000  0.0000
     conduction-band minimum at   13      0.5000  0.5000  0.0000
 
 Wall time (seconds)                        :         7.16
 
 RMS change in effective potential (target) :  0.132850E-08  ( 0.100000E-05)
 Absolute change in total energy   (target) :  0.149229E-05  ( 0.100000E-05)
 Charge distance                   (target) :  0.113695E-07  ( 0.100000E-04)
 
++++++++++++++++++++++++++++++++++++++++++++++++++++++++++++++++++++++++++++++++
+ SCF iteration number :   10                                                  +
++++++++++++++++++++++++++++++++++++++++++++++++++++++++++++++++++++++++++++++++
 Total energy                               :      -578.08003602
 _______________________________________________________________
 Fermi energy                               :         0.20032683
 Kinetic energy                             :       579.07760107
 Coulomb energy                             :     -1117.47006673
 Exchange energy                            :       -37.54210513
 Correlation energy                         :        -2.14546524
 Sum of eigenvalues                         :      -315.81083963
 Effective potential energy                 :      -894.88844070
 Coulomb potential energy                   :      -842.45520716
 xc potential energy                        :       -52.43323354
 Hartree energy                             :       187.26732932
 Electron-nuclear energy                    :     -1216.98986580
 Nuclear-nuclear energy                     :       -87.74753025
 Madelung energy                            :      -696.24246315
 Core-electron kinetic energy               :         0.00000000
 
 DOS at Fermi energy (states/Ha/cell)       :         0.00000000
 
 Electron charges :
     core                                   :        20.00000000
     core leakage                           :         0.00460477
     valence                                :         8.00000000
     interstitial                           :         3.90345158
     charge in muffin-tin spheres :
                  atom     1    Si          :        12.04827421
                  atom     2    Si          :        12.04827421
     total charge in muffin-tins            :        24.09654842
     total charge                           :        28.00000000
 
 Estimated fundamental gap                  :         0.02225903
        valence-band maximum at    1      0.0000  0.0000  0.0000
     conduction-band minimum at   13      0.5000  0.5000  0.0000
 
 Wall time (seconds)                        :         7.82
 
 RMS change in effective potential (target) :  0.125880E-09  ( 0.100000E-05)
 Absolute change in total energy   (target) :  0.592619E-07  ( 0.100000E-05)
 Charge distance                   (target) :  0.198876E-09  ( 0.100000E-04)
 
++++++++++++++++++++++++++++++++++++++++++++++++++++++++++++++++++++++++++++++++
+ SCF iteration number :   11                                                  +
++++++++++++++++++++++++++++++++++++++++++++++++++++++++++++++++++++++++++++++++
 Total energy                               :      -578.08003603
 _______________________________________________________________
 Fermi energy                               :         0.20032683
 Kinetic energy                             :       579.07760107
 Coulomb energy                             :     -1117.47006673
 Exchange energy                            :       -37.54210513
 Correlation energy                         :        -2.14546524
 Sum of eigenvalues                         :      -315.81083963
 Effective potential energy                 :      -894.88844070
 Coulomb potential energy                   :      -842.45520716
 xc potential energy                        :       -52.43323354
 Hartree energy                             :       187.26732932
 Electron-nuclear energy                    :     -1216.98986581
 Nuclear-nuclear energy                     :       -87.74753025
 Madelung energy                            :      -696.24246315
 Core-electron kinetic energy               :         0.00000000
 
 DOS at Fermi energy (states/Ha/cell)       :         0.00000000
 
 Electron charges :
     core                                   :        20.00000000
     core leakage                           :         0.00460477
     valence                                :         8.00000000
     interstitial                           :         3.90345158
     charge in muffin-tin spheres :
                  atom     1    Si          :        12.04827421
                  atom     2    Si          :        12.04827421
     total charge in muffin-tins            :        24.09654842
     total charge                           :        28.00000000
 
 Estimated fundamental gap                  :         0.02225903
        valence-band maximum at    1      0.0000  0.0000  0.0000
     conduction-band minimum at   13      0.5000  0.5000  0.0000
 
 Wall time (seconds)                        :         8.71
 
 RMS change in effective potential (target) :  0.316192E-11  ( 0.100000E-05)
 Absolute change in total energy   (target) :  0.492184E-08  ( 0.100000E-05)
 Charge distance                   (target) :  0.166972E-10  ( 0.100000E-04)
                                                                                
++++++++++++++++++++++++++++++++++++++++++++++++++++++++++++++++++++++++++++++++
| Convergency criteria checked for the last 2 iterations                       +
| Convergence targets achieved. Performing final SCF iteration                 +
++++++++++++++++++++++++++++++++++++++++++++++++++++++++++++++++++++++++++++++++
 Total energy                               :      -578.08003603
 _______________________________________________________________
 Fermi energy                               :         0.20032683
 Kinetic energy                             :       579.07760107
 Coulomb energy                             :     -1117.47006673
 Exchange energy                            :       -37.54210513
 Correlation energy                         :        -2.14546524
 Sum of eigenvalues                         :      -315.81083963
 Effective potential energy                 :      -894.88844070
 Coulomb potential energy                   :      -842.45520716
 xc potential energy                        :       -52.43323354
 Hartree energy                             :       187.26732932
 Electron-nuclear energy                    :     -1216.98986581
 Nuclear-nuclear energy                     :       -87.74753025
 Madelung energy                            :      -696.24246315
 Core-electron kinetic energy               :         0.00000000
 
 DOS at Fermi energy (states/Ha/cell)       :         0.00000000
 
 Electron charges :
     core                                   :        20.00000000
     core leakage                           :         0.00460477
     valence                                :         8.00000000
     interstitial                           :         3.90345158
     charge in muffin-tin spheres :
                  atom     1    Si          :        12.04827421
                  atom     2    Si          :        12.04827421
     total charge in muffin-tins            :        24.09654842
     total charge                           :        28.00000000
 
 Estimated fundamental gap                  :         0.02225903
        valence-band maximum at    1      0.0000  0.0000  0.0000
     conduction-band minimum at   13      0.5000  0.5000  0.0000
 
++++++++++++++++++++++++++++++++++++++++++++++++++++++++++++++++++++++++++++++++
+ Self-consistent loop stopped                                                 +
++++++++++++++++++++++++++++++++++++++++++++++++++++++++++++++++++++++++++++++++
 STATE.OUT is written
 
********************************************************************************
* Groundstate module stopped                                                   *
********************************************************************************
 
--------------------------------------------------------------------------------
- Timings (seconds)                                                            -
--------------------------------------------------------------------------------
 Initialisation                             :         0.48
 Hamiltonian and overlap matrix set up      :         1.79
 First-variational secular equation         :         1.54
 Calculation of charge-density              :         1.20
 Calculation of potential                   :         2.41
 Muffin-tin manipulations                   :         1.56
 APW matching                               :         1.10
 Disk reads/writes                          :         0.55
 Mixing efforts                             :         0.01
 Solver of Dirac eqn.                       :         0.31
 Solver of rel. Schroedinger eqn.           :         0.21
 Total time spent in radial solvers         :         0.52
 
 Total time spent (seconds)                 :         9.89
================================================================================
| EXCITING NITROGEN-14 stopped                                                 =
================================================================================
