  0.1159240434    
  0.8559824388E-01
  0.6094729901E-01
  0.4162726690E-01
  0.2711067407E-01
  0.1672204480E-01
  0.9666811091E-02
  0.5195061749E-02
  0.2568854625E-02
  0.1139146606E-02
  0.4404505564E-03
  0.1449867022E-03
  0.4680449409E-04
  0.2808831214E-04
  0.2420720765E-04
  0.2159073635E-04
  0.1941972914E-04
  0.1754378959E-04
  0.1587786511E-04
  0.1436784036E-04
  0.1299495293E-04
  0.1173504089E-04
  0.1058780440E-04
  0.9537681170E-05
  0.8583150221E-05
  0.7713794813E-05
  0.6922326199E-05
  0.6190066736E-05
  0.5518772180E-05
  0.4887219788E-05
  0.4296104777E-05
  0.3740620190E-05
  0.3218914492E-05
  0.2731859887E-05
  0.2281638178E-05
  0.1870993847E-05
  0.1502554902E-05
  0.1178346033E-05
  0.8994259553E-06
  0.6656576395E-06
 
