 -0.3883989577E-21  0.6519620277E-21 -0.2005478641E-20
 -0.7387491242E-22 -0.5907946885E-21 -0.1254941549E-20
 -0.7108767259E-21 -0.1332267762E-20  0.4045646925E-21
 -0.3331732740E-21  0.3377659092E-21  0.1683870001E-20
  0.2184791015E-20  0.7863180917E-23  0.2585606381E-20
  0.1836942878E-20  0.1535707066E-20  0.1125044324E-20
  0.2096220101E-20  0.1072398906E-20 -0.2016375764E-21
  0.9947124175E-21  0.6951026142E-21 -0.5896303148E-22
 -0.1983358415E-20  0.1531665072E-20 -0.1562258432E-21
  0.9857201516E-21 -0.9476603958E-21 -0.3005797659E-20
  0.1223038541E-20 -0.5804855456E-21 -0.1280476623E-20
 -0.6921014040E-21 -0.1395933345E-20  0.3062320716E-21
 
