   0.000000000       0.000000000       0.000000000    
   0.000000000       0.000000000      0.4091458747E-22
   0.000000000       0.000000000     -0.2078049790E-18
   0.000000000       0.000000000      0.9926167351E-22
   0.000000000       0.000000000      0.3308722450E-23
   0.000000000       0.000000000      0.2584939414E-25
   0.000000000       0.000000000      0.2220446049E-15
   0.000000000       0.000000000      0.1957599028E-22
   0.000000000       0.000000000     -0.4136710755E-18
   0.000000000       0.000000000      0.2220446050E-15
   0.000000000       0.000000000      0.6617444900E-23
   0.000000000       0.000000000      0.2442824198E-37
   0.000000000       0.000000000     -0.5169878828E-25
   0.000000000       0.000000000     -0.3360421238E-23
 
