    -242.568816481    
    -242.634881132    
    -242.695618294    
    -242.782360774    
    -242.847482110    
    -242.822482068    
    -242.821406369    
    -242.822012921    
    -242.821856552    
    -242.821832514    
    -242.821835842    
    -242.821835789    
    -242.821835742    
    -242.821835739    
 
