  0.3210677249E-18
 -0.1149197573E-18
 -0.1178007327E-18
  0.1851934101E-18
 -0.8571226379E-19
  0.2164790215E-18
  0.2983811953E-19
  0.2731213411E-18
 -0.2289735883E-18
 -0.4758775607E-18
  0.2528737039E-18
 -0.3063577955E-18
 
