 Warning(gndstate): Reached self-consistent loops maximum
 Warning(gndstate): Reached self-consistent loops maximum
