 
 (dielectric tensor, independent particle approximation)
 
 frequency index and value:      1    0.00000000
 real part, imaginary part below
    6.49037356    0.00000000    0.00000000        -0.00000000    0.00000000    0.00000000
    0.00000000    6.49037356    0.00000000         0.00000000   -0.00000000    0.00000000
    0.00000000    0.00000000    6.49037356         0.00000000    0.00000000   -0.00000000
 
