    -1999.19663852    
    -2006.40137358    
    -2007.32799852    
    -2000.72941734    
    -2011.84876850    
    -2006.16420628    
    -2005.97134110    
    -2006.18832934    
    -2006.16730354    
    -2006.17117322    
    -2006.17129905    
    -2006.17124828    
    -2006.17125280    
    -2006.17125201    
    -2006.17125237    
    -2006.17125364    
 
