    -80.9727655760    
    -80.1337622433    
    -79.7358441568    
    -79.9311140232    
    -79.2865394450    
    -79.3561300612    
    -79.3720643639    
    -79.3732551469    
    -79.3732958397    
    -79.3732925827    
    -79.3732928368    
    -79.3732926564    
    -79.3732926571    
 
