  -2.000000218    
  -1.089441234    
  -1.070798930    
  -1.890210413    
  -1.999999704    
  -2.150344761    
  -2.058829795    
  -2.000030620    
  -2.000000066    
  -2.000000247    
  -1.999999937    
  -1.999999593    
  -1.999999864    
  -2.000000341    
  -2.000000257    
  -2.000000382    
  -1.999999770    
  -2.000000011    
  -2.000000100    
  -2.000000099    
  -2.000000098    
  -2.000000099    
 
