 
Timings (CPU seconds) for q-point/k-point :      2     1
  initialisation			   :     0.7868E-05
  reading APW coefficients		   :     0.8390E-03
  loop over G(+q) vectors		   :     0.4867E-01
    summation wrt Gaunt coefficients	   :     0.1569E-03
    muffin-tin contribution		   :     0.3662E-03
      APW-APW				   :     0.3603E-03
      APW-lo				   :     0.0000E+00
      lo -APW				   :     0.0000E+00
      lo -lo				   :     0.0000E+00
    interstitial contribution		   :     0.0000E+00
    matrix multiplications		   :     0.0000E+00
      APW-lo				   :     0.0000E+00
      lo -APW				   :     0.0000E+00
      lo -lo				   :     0.0000E+00
      interstitial			   :     0.0000E+00
    FFT   				   :     0.4785E-01
    debugging				   :     0.0000E+00
  writing matrix elements to file	   :     0.0000E+00
  total				   :     0.4952E-01
 
Timings (CPU seconds) for q-point/k-point :      2     2
  initialisation			   :     0.6914E-05
  reading APW coefficients		   :     0.7782E-03
  loop over G(+q) vectors		   :     0.3399E-01
    summation wrt Gaunt coefficients	   :     0.1650E-03
    muffin-tin contribution		   :     0.3619E-03
      APW-APW				   :     0.3531E-03
      APW-lo				   :     0.0000E+00
      lo -APW				   :     0.0000E+00
      lo -lo				   :     0.0000E+00
    interstitial contribution		   :     0.0000E+00
    matrix multiplications		   :     0.0000E+00
      APW-lo				   :     0.0000E+00
      lo -APW				   :     0.0000E+00
      lo -lo				   :     0.0000E+00
      interstitial			   :     0.0000E+00
    FFT   				   :     0.3338E-01
    debugging				   :     0.0000E+00
  writing matrix elements to file	   :     0.0000E+00
  total				   :     0.3478E-01
 
Timings (CPU seconds) for q-point/k-point :      2     3
  initialisation			   :     0.7153E-05
  reading APW coefficients		   :     0.7679E-03
  loop over G(+q) vectors		   :     0.3612E-01
    summation wrt Gaunt coefficients	   :     0.1600E-03
    muffin-tin contribution		   :     0.3581E-03
      APW-APW				   :     0.3476E-03
      APW-lo				   :     0.0000E+00
      lo -APW				   :     0.0000E+00
      lo -lo				   :     0.0000E+00
    interstitial contribution		   :     0.0000E+00
    matrix multiplications		   :     0.0000E+00
      APW-lo				   :     0.0000E+00
      lo -APW				   :     0.0000E+00
      lo -lo				   :     0.0000E+00
      interstitial			   :     0.0000E+00
    FFT   				   :     0.3524E-01
    debugging				   :     0.0000E+00
  writing matrix elements to file	   :     0.0000E+00
  total				   :     0.3689E-01
 
Timings (CPU seconds) for q-point/k-point :      2     4
  initialisation			   :     0.6914E-05
  reading APW coefficients		   :     0.7751E-03
  loop over G(+q) vectors		   :     0.4185E-01
    summation wrt Gaunt coefficients	   :     0.1612E-03
    muffin-tin contribution		   :     0.3560E-03
      APW-APW				   :     0.3488E-03
      APW-lo				   :     0.0000E+00
      lo -APW				   :     0.0000E+00
      lo -lo				   :     0.0000E+00
    interstitial contribution		   :     0.0000E+00
    matrix multiplications		   :     0.0000E+00
      APW-lo				   :     0.0000E+00
      lo -APW				   :     0.0000E+00
      lo -lo				   :     0.0000E+00
      interstitial			   :     0.0000E+00
    FFT   				   :     0.4096E-01
    debugging				   :     0.0000E+00
  writing matrix elements to file	   :     0.0000E+00
  total				   :     0.4264E-01
 
Timings (CPU seconds) for q-point/k-point :      2     5
  initialisation			   :     0.6914E-05
  reading APW coefficients		   :     0.7730E-03
  loop over G(+q) vectors		   :     0.4078E-01
    summation wrt Gaunt coefficients	   :     0.1671E-03
    muffin-tin contribution		   :     0.3660E-03
      APW-APW				   :     0.3591E-03
      APW-lo				   :     0.0000E+00
      lo -APW				   :     0.0000E+00
      lo -lo				   :     0.0000E+00
    interstitial contribution		   :     0.0000E+00
    matrix multiplications		   :     0.0000E+00
      APW-lo				   :     0.0000E+00
      lo -APW				   :     0.0000E+00
      lo -lo				   :     0.0000E+00
      interstitial			   :     0.0000E+00
    FFT   				   :     0.3986E-01
    debugging				   :     0.0000E+00
  writing matrix elements to file	   :     0.0000E+00
  total				   :     0.4156E-01
 
Timings (CPU seconds) for q-point/k-point :      2     6
  initialisation			   :     0.7153E-05
  reading APW coefficients		   :     0.7730E-03
  loop over G(+q) vectors		   :     0.4356E-01
    summation wrt Gaunt coefficients	   :     0.1659E-03
    muffin-tin contribution		   :     0.3591E-03
      APW-APW				   :     0.3541E-03
      APW-lo				   :     0.0000E+00
      lo -APW				   :     0.0000E+00
      lo -lo				   :     0.0000E+00
    interstitial contribution		   :     0.0000E+00
    matrix multiplications		   :     0.0000E+00
      APW-lo				   :     0.0000E+00
      lo -APW				   :     0.0000E+00
      lo -lo				   :     0.0000E+00
      interstitial			   :     0.0000E+00
    FFT   				   :     0.4265E-01
    debugging				   :     0.0000E+00
  writing matrix elements to file	   :     0.0000E+00
  total				   :     0.4434E-01
 
Timings (CPU seconds) for q-point/k-point :      2     7
  initialisation			   :     0.6914E-05
  reading APW coefficients		   :     0.7391E-03
  loop over G(+q) vectors		   :     0.4835E-01
    summation wrt Gaunt coefficients	   :     0.1678E-03
    muffin-tin contribution		   :     0.3343E-03
      APW-APW				   :     0.3257E-03
      APW-lo				   :     0.0000E+00
      lo -APW				   :     0.0000E+00
      lo -lo				   :     0.0000E+00
    interstitial contribution		   :     0.0000E+00
    matrix multiplications		   :     0.0000E+00
      APW-lo				   :     0.0000E+00
      lo -APW				   :     0.0000E+00
      lo -lo				   :     0.0000E+00
      interstitial			   :     0.0000E+00
    FFT   				   :     0.3589E-01
    debugging				   :     0.0000E+00
  writing matrix elements to file	   :     0.0000E+00
  total				   :     0.4910E-01
 
Timings (CPU seconds) for q-point/k-point :      2     8
  initialisation			   :     0.7153E-05
  reading APW coefficients		   :     0.7479E-03
  loop over G(+q) vectors		   :     0.3627E-01
    summation wrt Gaunt coefficients	   :     0.1671E-03
    muffin-tin contribution		   :     0.3669E-03
      APW-APW				   :     0.3612E-03
      APW-lo				   :     0.0000E+00
      lo -APW				   :     0.0000E+00
      lo -lo				   :     0.0000E+00
    interstitial contribution		   :     0.0000E+00
    matrix multiplications		   :     0.0000E+00
      APW-lo				   :     0.0000E+00
      lo -APW				   :     0.0000E+00
      lo -lo				   :     0.0000E+00
      interstitial			   :     0.0000E+00
    FFT   				   :     0.3542E-01
    debugging				   :     0.0000E+00
  writing matrix elements to file	   :     0.0000E+00
  total				   :     0.3703E-01
 
Timings (CPU seconds) for q-point/k-point :      2     9
  initialisation			   :     0.6914E-05
  reading APW coefficients		   :     0.7322E-03
  loop over G(+q) vectors		   :     0.3408E-01
    summation wrt Gaunt coefficients	   :     0.1719E-03
    muffin-tin contribution		   :     0.3660E-03
      APW-APW				   :     0.3598E-03
      APW-lo				   :     0.0000E+00
      lo -APW				   :     0.0000E+00
      lo -lo				   :     0.0000E+00
    interstitial contribution		   :     0.0000E+00
    matrix multiplications		   :     0.0000E+00
      APW-lo				   :     0.0000E+00
      lo -APW				   :     0.0000E+00
      lo -lo				   :     0.0000E+00
      interstitial			   :     0.0000E+00
    FFT   				   :     0.2531E-01
    debugging				   :     0.0000E+00
  writing matrix elements to file	   :     0.0000E+00
  total				   :     0.3482E-01
 
Timings (CPU seconds) for q-point/k-point :      2    10
  initialisation			   :     0.7153E-05
  reading APW coefficients		   :     0.7401E-03
  loop over G(+q) vectors		   :     0.4073E-01
    summation wrt Gaunt coefficients	   :     0.1647E-03
    muffin-tin contribution		   :     0.3681E-03
      APW-APW				   :     0.3607E-03
      APW-lo				   :     0.0000E+00
      lo -APW				   :     0.0000E+00
      lo -lo				   :     0.0000E+00
    interstitial contribution		   :     0.0000E+00
    matrix multiplications		   :     0.0000E+00
      APW-lo				   :     0.0000E+00
      lo -APW				   :     0.0000E+00
      lo -lo				   :     0.0000E+00
      interstitial			   :     0.0000E+00
    FFT   				   :     0.3986E-01
    debugging				   :     0.0000E+00
  writing matrix elements to file	   :     0.0000E+00
  total				   :     0.4147E-01
 
Timings (CPU seconds) for q-point/k-point :      2    11
  initialisation			   :     0.7153E-05
  reading APW coefficients		   :     0.7420E-03
  loop over G(+q) vectors		   :     0.4059E-01
    summation wrt Gaunt coefficients	   :     0.1640E-03
    muffin-tin contribution		   :     0.3631E-03
      APW-APW				   :     0.3581E-03
      APW-lo				   :     0.0000E+00
      lo -APW				   :     0.0000E+00
      lo -lo				   :     0.0000E+00
    interstitial contribution		   :     0.0000E+00
    matrix multiplications		   :     0.0000E+00
      APW-lo				   :     0.0000E+00
      lo -APW				   :     0.0000E+00
      lo -lo				   :     0.0000E+00
      interstitial			   :     0.0000E+00
    FFT   				   :     0.3964E-01
    debugging				   :     0.0000E+00
  writing matrix elements to file	   :     0.0000E+00
  total				   :     0.4134E-01
 
Timings (CPU seconds) for q-point/k-point :      2    12
  initialisation			   :     0.6914E-05
  reading APW coefficients		   :     0.7451E-03
  loop over G(+q) vectors		   :     0.4578E-01
    summation wrt Gaunt coefficients	   :     0.1614E-03
    muffin-tin contribution		   :     0.3617E-03
      APW-APW				   :     0.3507E-03
      APW-lo				   :     0.0000E+00
      lo -APW				   :     0.0000E+00
      lo -lo				   :     0.0000E+00
    interstitial contribution		   :     0.0000E+00
    matrix multiplications		   :     0.0000E+00
      APW-lo				   :     0.0000E+00
      lo -APW				   :     0.0000E+00
      lo -lo				   :     0.0000E+00
      interstitial			   :     0.0000E+00
    FFT   				   :     0.4332E-01
    debugging				   :     0.0000E+00
  writing matrix elements to file	   :     0.0000E+00
  total				   :     0.4653E-01
 
Timings (CPU seconds) for q-point/k-point :      2    13
  initialisation			   :     0.7868E-05
  reading APW coefficients		   :     0.7300E-03
  loop over G(+q) vectors		   :     0.4999E-01
    summation wrt Gaunt coefficients	   :     0.1509E-03
    muffin-tin contribution		   :     0.3061E-03
      APW-APW				   :     0.2995E-03
      APW-lo				   :     0.0000E+00
      lo -APW				   :     0.0000E+00
      lo -lo				   :     0.0000E+00
    interstitial contribution		   :     0.0000E+00
    matrix multiplications		   :     0.0000E+00
      APW-lo				   :     0.0000E+00
      lo -APW				   :     0.0000E+00
      lo -lo				   :     0.0000E+00
      interstitial			   :     0.0000E+00
    FFT   				   :     0.4792E-01
    debugging				   :     0.0000E+00
  writing matrix elements to file	   :     0.0000E+00
  total				   :     0.5073E-01
 
Timings (CPU seconds) for q-point/k-point :      2    14
  initialisation			   :     0.6914E-05
  reading APW coefficients		   :     0.7391E-03
  loop over G(+q) vectors		   :     0.4091E-01
    summation wrt Gaunt coefficients	   :     0.1528E-03
    muffin-tin contribution		   :     0.3033E-03
      APW-APW				   :     0.2980E-03
      APW-lo				   :     0.0000E+00
      lo -APW				   :     0.0000E+00
      lo -lo				   :     0.0000E+00
    interstitial contribution		   :     0.0000E+00
    matrix multiplications		   :     0.0000E+00
      APW-lo				   :     0.0000E+00
      lo -APW				   :     0.0000E+00
      lo -lo				   :     0.0000E+00
      interstitial			   :     0.0000E+00
    FFT   				   :     0.3654E-01
    debugging				   :     0.0000E+00
  writing matrix elements to file	   :     0.0000E+00
  total				   :     0.4166E-01
 
Timings (CPU seconds) for q-point/k-point :      2    15
  initialisation			   :     0.6914E-05
  reading APW coefficients		   :     0.7381E-03
  loop over G(+q) vectors		   :     0.2765E-01
    summation wrt Gaunt coefficients	   :     0.1659E-03
    muffin-tin contribution		   :     0.3622E-03
      APW-APW				   :     0.3541E-03
      APW-lo				   :     0.0000E+00
      lo -APW				   :     0.0000E+00
      lo -lo				   :     0.0000E+00
    interstitial contribution		   :     0.0000E+00
    matrix multiplications		   :     0.0000E+00
      APW-lo				   :     0.0000E+00
      lo -APW				   :     0.0000E+00
      lo -lo				   :     0.0000E+00
      interstitial			   :     0.0000E+00
    FFT   				   :     0.2704E-01
    debugging				   :     0.0000E+00
  writing matrix elements to file	   :     0.0000E+00
  total				   :     0.2839E-01
 
Timings (CPU seconds) for q-point/k-point :      2    16
  initialisation			   :     0.6914E-05
  reading APW coefficients		   :     0.7432E-03
  loop over G(+q) vectors		   :     0.3589E-01
    summation wrt Gaunt coefficients	   :     0.1616E-03
    muffin-tin contribution		   :     0.3543E-03
      APW-APW				   :     0.3469E-03
      APW-lo				   :     0.0000E+00
      lo -APW				   :     0.0000E+00
      lo -lo				   :     0.0000E+00
    interstitial contribution		   :     0.0000E+00
    matrix multiplications		   :     0.0000E+00
      APW-lo				   :     0.0000E+00
      lo -APW				   :     0.0000E+00
      lo -lo				   :     0.0000E+00
      interstitial			   :     0.0000E+00
    FFT   				   :     0.3504E-01
    debugging				   :     0.0000E+00
  writing matrix elements to file	   :     0.0000E+00
  total				   :     0.3664E-01
 
Timings (CPU seconds) for q-point/k-point :      2    17
  initialisation			   :     0.6914E-05
  reading APW coefficients		   :     0.7539E-03
  loop over G(+q) vectors		   :     0.4032E-01
    summation wrt Gaunt coefficients	   :     0.1588E-03
    muffin-tin contribution		   :     0.3464E-03
      APW-APW				   :     0.3378E-03
      APW-lo				   :     0.0000E+00
      lo -APW				   :     0.0000E+00
      lo -lo				   :     0.0000E+00
    interstitial contribution		   :     0.0000E+00
    matrix multiplications		   :     0.0000E+00
      APW-lo				   :     0.0000E+00
      lo -APW				   :     0.0000E+00
      lo -lo				   :     0.0000E+00
      interstitial			   :     0.0000E+00
    FFT   				   :     0.3943E-01
    debugging				   :     0.0000E+00
  writing matrix elements to file	   :     0.0000E+00
  total				   :     0.4108E-01
 
Timings (CPU seconds) for q-point/k-point :      2    18
  initialisation			   :     0.6914E-05
  reading APW coefficients		   :     0.7610E-03
  loop over G(+q) vectors		   :     0.3729E-01
    summation wrt Gaunt coefficients	   :     0.1609E-03
    muffin-tin contribution		   :     0.3591E-03
      APW-APW				   :     0.3500E-03
      APW-lo				   :     0.0000E+00
      lo -APW				   :     0.0000E+00
      lo -lo				   :     0.0000E+00
    interstitial contribution		   :     0.0000E+00
    matrix multiplications		   :     0.0000E+00
      APW-lo				   :     0.0000E+00
      lo -APW				   :     0.0000E+00
      lo -lo				   :     0.0000E+00
      interstitial			   :     0.0000E+00
    FFT   				   :     0.3639E-01
    debugging				   :     0.0000E+00
  writing matrix elements to file	   :     0.0000E+00
  total				   :     0.3806E-01
 
Timings (CPU seconds) for q-point/k-point :      2    19
  initialisation			   :     0.6914E-05
  reading APW coefficients		   :     0.7479E-03
  loop over G(+q) vectors		   :     0.4230E-01
    summation wrt Gaunt coefficients	   :     0.1619E-03
    muffin-tin contribution		   :     0.3662E-03
      APW-APW				   :     0.3591E-03
      APW-lo				   :     0.0000E+00
      lo -APW				   :     0.0000E+00
      lo -lo				   :     0.0000E+00
    interstitial contribution		   :     0.0000E+00
    matrix multiplications		   :     0.0000E+00
      APW-lo				   :     0.0000E+00
      lo -APW				   :     0.0000E+00
      lo -lo				   :     0.0000E+00
      interstitial			   :     0.0000E+00
    FFT   				   :     0.4139E-01
    debugging				   :     0.0000E+00
  writing matrix elements to file	   :     0.0000E+00
  total				   :     0.4305E-01
 
Timings (CPU seconds) for q-point/k-point :      2    20
  initialisation			   :     0.5960E-05
  reading APW coefficients		   :     0.7319E-03
  loop over G(+q) vectors		   :     0.4117E-01
    summation wrt Gaunt coefficients	   :     0.1569E-03
    muffin-tin contribution		   :     0.3512E-03
      APW-APW				   :     0.3431E-03
      APW-lo				   :     0.0000E+00
      lo -APW				   :     0.0000E+00
      lo -lo				   :     0.0000E+00
    interstitial contribution		   :     0.0000E+00
    matrix multiplications		   :     0.0000E+00
      APW-lo				   :     0.0000E+00
      lo -APW				   :     0.0000E+00
      lo -lo				   :     0.0000E+00
      interstitial			   :     0.0000E+00
    FFT   				   :     0.4017E-01
    debugging				   :     0.0000E+00
  writing matrix elements to file	   :     0.0000E+00
  total				   :     0.4191E-01
 
Timings (CPU seconds) for q-point/k-point :      2    21
  initialisation			   :     0.7153E-05
  reading APW coefficients		   :     0.7589E-03
  loop over G(+q) vectors		   :     0.4191E-01
    summation wrt Gaunt coefficients	   :     0.1640E-03
    muffin-tin contribution		   :     0.3672E-03
      APW-APW				   :     0.3591E-03
      APW-lo				   :     0.0000E+00
      lo -APW				   :     0.0000E+00
      lo -lo				   :     0.0000E+00
    interstitial contribution		   :     0.0000E+00
    matrix multiplications		   :     0.0000E+00
      APW-lo				   :     0.0000E+00
      lo -APW				   :     0.0000E+00
      lo -lo				   :     0.0000E+00
      interstitial			   :     0.0000E+00
    FFT   				   :     0.3993E-01
    debugging				   :     0.0000E+00
  writing matrix elements to file	   :     0.1192E-05
  total				   :     0.4268E-01
 
Timings (CPU seconds) for q-point/k-point :      2    22
  initialisation			   :     0.8106E-05
  reading APW coefficients		   :     0.7539E-03
  loop over G(+q) vectors		   :     0.3853E-01
    summation wrt Gaunt coefficients	   :     0.1647E-03
    muffin-tin contribution		   :     0.3672E-03
      APW-APW				   :     0.3598E-03
      APW-lo				   :     0.0000E+00
      lo -APW				   :     0.0000E+00
      lo -lo				   :     0.0000E+00
    interstitial contribution		   :     0.0000E+00
    matrix multiplications		   :     0.0000E+00
      APW-lo				   :     0.0000E+00
      lo -APW				   :     0.0000E+00
      lo -lo				   :     0.0000E+00
      interstitial			   :     0.0000E+00
    FFT   				   :     0.3773E-01
    debugging				   :     0.0000E+00
  writing matrix elements to file	   :     0.0000E+00
  total				   :     0.3930E-01
 
Timings (CPU seconds) for q-point/k-point :      2    23
  initialisation			   :     0.7868E-05
  reading APW coefficients		   :     0.7610E-03
  loop over G(+q) vectors		   :     0.4200E-01
    summation wrt Gaunt coefficients	   :     0.1612E-03
    muffin-tin contribution		   :     0.3629E-03
      APW-APW				   :     0.3548E-03
      APW-lo				   :     0.0000E+00
      lo -APW				   :     0.0000E+00
      lo -lo				   :     0.0000E+00
    interstitial contribution		   :     0.0000E+00
    matrix multiplications		   :     0.0000E+00
      APW-lo				   :     0.0000E+00
      lo -APW				   :     0.0000E+00
      lo -lo				   :     0.0000E+00
      interstitial			   :     0.0000E+00
    FFT   				   :     0.3951E-01
    debugging				   :     0.0000E+00
  writing matrix elements to file	   :     0.0000E+00
  total				   :     0.4277E-01
 
Timings (CPU seconds) for q-point/k-point :      2    24
  initialisation			   :     0.7153E-05
  reading APW coefficients		   :     0.7510E-03
  loop over G(+q) vectors		   :     0.3897E-01
    summation wrt Gaunt coefficients	   :     0.1621E-03
    muffin-tin contribution		   :     0.3629E-03
      APW-APW				   :     0.3562E-03
      APW-lo				   :     0.0000E+00
      lo -APW				   :     0.0000E+00
      lo -lo				   :     0.0000E+00
    interstitial contribution		   :     0.0000E+00
    matrix multiplications		   :     0.0000E+00
      APW-lo				   :     0.0000E+00
      lo -APW				   :     0.0000E+00
      lo -lo				   :     0.0000E+00
      interstitial			   :     0.0000E+00
    FFT   				   :     0.3819E-01
    debugging				   :     0.0000E+00
  writing matrix elements to file	   :     0.0000E+00
  total				   :     0.3973E-01
 
Timings (CPU seconds) for q-point/k-point :      2    25
  initialisation			   :     0.6914E-05
  reading APW coefficients		   :     0.7451E-03
  loop over G(+q) vectors		   :     0.3892E-01
    summation wrt Gaunt coefficients	   :     0.1650E-03
    muffin-tin contribution		   :     0.3629E-03
      APW-APW				   :     0.3557E-03
      APW-lo				   :     0.0000E+00
      lo -APW				   :     0.0000E+00
      lo -lo				   :     0.0000E+00
    interstitial contribution		   :     0.0000E+00
    matrix multiplications		   :     0.0000E+00
      APW-lo				   :     0.0000E+00
      lo -APW				   :     0.0000E+00
      lo -lo				   :     0.0000E+00
      interstitial			   :     0.0000E+00
    FFT   				   :     0.3814E-01
    debugging				   :     0.0000E+00
  writing matrix elements to file	   :     0.0000E+00
  total				   :     0.3967E-01
 
Timings (CPU seconds) for q-point/k-point :      2    26
  initialisation			   :     0.6914E-05
  reading APW coefficients		   :     0.7341E-03
  loop over G(+q) vectors		   :     0.3737E-01
    summation wrt Gaunt coefficients	   :     0.1600E-03
    muffin-tin contribution		   :     0.3641E-03
      APW-APW				   :     0.3572E-03
      APW-lo				   :     0.0000E+00
      lo -APW				   :     0.0000E+00
      lo -lo				   :     0.0000E+00
    interstitial contribution		   :     0.0000E+00
    matrix multiplications		   :     0.0000E+00
      APW-lo				   :     0.0000E+00
      lo -APW				   :     0.0000E+00
      lo -lo				   :     0.0000E+00
      interstitial			   :     0.0000E+00
    FFT   				   :     0.3659E-01
    debugging				   :     0.0000E+00
  writing matrix elements to file	   :     0.0000E+00
  total				   :     0.3811E-01
 
Timings (CPU seconds) for q-point/k-point :      2    27
  initialisation			   :     0.6914E-05
  reading APW coefficients		   :     0.7260E-03
  loop over G(+q) vectors		   :     0.4255E-01
    summation wrt Gaunt coefficients	   :     0.1531E-03
    muffin-tin contribution		   :     0.3660E-03
      APW-APW				   :     0.3581E-03
      APW-lo				   :     0.0000E+00
      lo -APW				   :     0.0000E+00
      lo -lo				   :     0.0000E+00
    interstitial contribution		   :     0.0000E+00
    matrix multiplications		   :     0.0000E+00
      APW-lo				   :     0.0000E+00
      lo -APW				   :     0.0000E+00
      lo -lo				   :     0.0000E+00
      interstitial			   :     0.0000E+00
    FFT   				   :     0.4170E-01
    debugging				   :     0.0000E+00
  writing matrix elements to file	   :     0.0000E+00
  total				   :     0.4328E-01
