    -109.723660367    
    -108.311704058    
    -107.763195523    
    -110.955028922    
    -101.423741545    
    -107.744145656    
    -107.659560471    
    -107.497271388    
    -107.545628331    
    -107.546697154    
    -107.545209801    
    -107.545048641    
    -107.545027601    
    -107.545029264    
    -107.545029115    
    -107.545029101    
    -107.545029106    
    -107.545029106    
 
