    27 : nkpt
     7 : nstsv
 
     1  0.1666666667E-01  0.5000000000E-01  0.8333333333E-01 : k-point, vkl
 (state, eigenvalue and occupancy below)
     1  -1.533977262       2.000000000    
     2 -0.7710023597       2.000000000    
     3 -0.4280439158E-01   2.000000000    
     4 -0.3925693927E-01   2.000000000    
     5 -0.3839606597E-01   2.000000000    
     6  0.3045879091       0.000000000    
     7  0.8068822525       0.000000000    
 
 
     2  0.3500000000      0.5000000000E-01  0.8333333333E-01 : k-point, vkl
 (state, eigenvalue and occupancy below)
     1  -1.532555044       2.000000000    
     2 -0.7599688419       2.000000000    
     3 -0.1028940616       2.000000000    
     4 -0.4999340159E-01   2.000000000    
     5 -0.4278319481E-01   2.000000000    
     6  0.3622766335       0.000000000    
     7  0.6001078886       0.000000000    
 
 
     3  0.6833333333      0.5000000000E-01  0.8333333333E-01 : k-point, vkl
 (state, eigenvalue and occupancy below)
     1  -1.532233052       2.000000000    
     2 -0.7573145533       2.000000000    
     3 -0.1152129722       2.000000000    
     4 -0.5021635562E-01   2.000000000    
     5 -0.4553036801E-01   2.000000000    
     6  0.3688819510       0.000000000    
     7  0.5847778221       0.000000000    
 
 
     4  0.1666666667E-01  0.3833333333      0.8333333333E-01 : k-point, vkl
 (state, eigenvalue and occupancy below)
     1  -1.532285894       2.000000000    
     2 -0.7577335728       2.000000000    
     3 -0.1130711530       2.000000000    
     4 -0.4917591454E-01   2.000000000    
     5 -0.4659543584E-01   2.000000000    
     6  0.3688763526       0.000000000    
     7  0.5871147356       0.000000000    
 
 
     5  0.3500000000      0.3833333333      0.8333333333E-01 : k-point, vkl
 (state, eigenvalue and occupancy below)
     1  -1.532008630       2.000000000    
     2 -0.7539672717       2.000000000    
     3 -0.1153183551       2.000000000    
     4 -0.6692814448E-01   2.000000000    
     5 -0.6309944509E-01   2.000000000    
     6  0.4320408063       0.000000000    
     7  0.5987322924       0.000000000    
 
 
     6  0.6833333333      0.3833333333      0.8333333333E-01 : k-point, vkl
 (state, eigenvalue and occupancy below)
     1  -1.531371358       2.000000000    
     2 -0.7479605013       2.000000000    
     3 -0.1194887703       2.000000000    
     4 -0.1024098965       2.000000000    
     5 -0.6228064471E-01   2.000000000    
     6  0.4886859072       0.000000000    
     7  0.5215289696       0.000000000    
 
 
     7  0.1666666667E-01  0.7166666667      0.8333333333E-01 : k-point, vkl
 (state, eigenvalue and occupancy below)
     1  -1.532480137       2.000000000    
     2 -0.7593543327       2.000000000    
     3 -0.1054459605       2.000000000    
     4 -0.5143073701E-01   2.000000000    
     5 -0.4252967519E-01   2.000000000    
     6  0.3644460026       0.000000000    
     7  0.5952702161       0.000000000    
 
 
     8  0.3500000000      0.7166666667      0.8333333333E-01 : k-point, vkl
 (state, eigenvalue and occupancy below)
     1  -1.531475939       2.000000000    
     2 -0.7492968247       2.000000000    
     3 -0.1098267493       2.000000000    
     4 -0.1065437949       2.000000000    
     5 -0.5793787120E-01   2.000000000    
     6  0.4640418501       0.000000000    
     7  0.5277605770       0.000000000    
 
 
     9  0.6833333333      0.7166666667      0.8333333333E-01 : k-point, vkl
 (state, eigenvalue and occupancy below)
     1  -1.531891646       2.000000000    
     2 -0.7527543989       2.000000000    
     3 -0.1199785252       2.000000000    
     4 -0.6871650459E-01   2.000000000    
     5 -0.6478304307E-01   2.000000000    
     6  0.4427755306       0.000000000    
     7  0.5924543599       0.000000000    
 
 
    10  0.1666666667E-01  0.5000000000E-01  0.4166666667     : k-point, vkl
 (state, eigenvalue and occupancy below)
     1  -1.532107735       2.000000000    
     2 -0.7563582281       2.000000000    
     3 -0.1213084170       2.000000000    
     4 -0.4754693860E-01   2.000000000    
     5 -0.4572898982E-01   2.000000000    
     6  0.3657148807       0.000000000    
     7  0.5822780673       0.000000000    
 
 
    11  0.3500000000      0.5000000000E-01  0.4166666667     : k-point, vkl
 (state, eigenvalue and occupancy below)
     1  -1.531786191       2.000000000    
     2 -0.7516153222       2.000000000    
     3 -0.1244741600       2.000000000    
     4 -0.7026055158E-01   2.000000000    
     5 -0.6636526482E-01   2.000000000    
     6  0.4536730306       0.000000000    
     7  0.5883227833       0.000000000    
 
 
    12  0.6833333333      0.5000000000E-01  0.4166666667     : k-point, vkl
 (state, eigenvalue and occupancy below)
     1  -1.531358538       2.000000000    
     2 -0.7476961197       2.000000000    
     3 -0.1254503524       2.000000000    
     4 -0.9679480182E-01   2.000000000    
     5 -0.6375180719E-01   2.000000000    
     6  0.4932151192       0.000000000    
     7  0.5227341323       0.000000000    
 
 
    13  0.1666666667E-01  0.3833333333      0.4166666667     : k-point, vkl
 (state, eigenvalue and occupancy below)
     1  -1.531609322       2.000000000    
     2 -0.7495822842       2.000000000    
     3 -0.1334844579       2.000000000    
     4 -0.7087863047E-01   2.000000000    
     5 -0.7011176162E-01   2.000000000    
     6  0.4745500781       0.000000000    
     7  0.5865349155       0.000000000    
 
 
    14  0.3500000000      0.3833333333      0.4166666667     : k-point, vkl
 (state, eigenvalue and occupancy below)
     1  -1.532143697       2.000000000    
     2 -0.7566221561       2.000000000    
     3 -0.1193362798       2.000000000    
     4 -0.4922840667E-01   2.000000000    
     5 -0.4528956675E-01   2.000000000    
     6  0.3673485739       0.000000000    
     7  0.5824563519       0.000000000    
 
 
    15  0.6833333333      0.3833333333      0.4166666667     : k-point, vkl
 (state, eigenvalue and occupancy below)
     1  -1.531450838       2.000000000    
     2 -0.7489931297       2.000000000    
     3 -0.1210328585       2.000000000    
     4 -0.9542723079E-01   2.000000000    
     5 -0.5943226810E-01   2.000000000    
     6  0.4623768623       0.000000000    
     7  0.5323436936       0.000000000    
 
 
    16  0.1666666667E-01  0.7166666667      0.4166666667     : k-point, vkl
 (state, eigenvalue and occupancy below)
     1  -1.531435325       2.000000000    
     2 -0.7487548301       2.000000000    
     3 -0.1226095628       2.000000000    
     4 -0.9467732445E-01   2.000000000    
     5 -0.6045368197E-01   2.000000000    
     6  0.4669300860       0.000000000    
     7  0.5319702768       0.000000000    
 
 
    17  0.3500000000      0.7166666667      0.4166666667     : k-point, vkl
 (state, eigenvalue and occupancy below)
     1  -1.531368144       2.000000000    
     2 -0.7478767019       2.000000000    
     3 -0.1227052203       2.000000000    
     4 -0.9912118480E-01   2.000000000    
     5 -0.6285954422E-01   2.000000000    
     6  0.4890460077       0.000000000    
     7  0.5231019083       0.000000000    
 
 
    18  0.6833333333      0.7166666667      0.4166666667     : k-point, vkl
 (state, eigenvalue and occupancy below)
     1  -1.531622711       2.000000000    
     2 -0.7509960768       2.000000000    
     3 -0.1081528504       2.000000000    
     4 -0.1004914940       2.000000000    
     5 -0.5287310825E-01   2.000000000    
     6  0.4405871792       0.000000000    
     7  0.5342578869       0.000000000    
 
 
    19  0.1666666667E-01  0.5000000000E-01  0.7500000000     : k-point, vkl
 (state, eigenvalue and occupancy below)
     1  -1.532813947       2.000000000    
     2 -0.7621050415       2.000000000    
     3 -0.9427383693E-01   2.000000000    
     4 -0.4587053042E-01   2.000000000    
     5 -0.4164654210E-01   2.000000000    
     6  0.3523943029       0.000000000    
     7  0.6173781964       0.000000000    
 
 
    20  0.3500000000      0.5000000000E-01  0.7500000000     : k-point, vkl
 (state, eigenvalue and occupancy below)
     1  -1.531573869       2.000000000    
     2 -0.7504622275       2.000000000    
     3 -0.1111819290       2.000000000    
     4 -0.9971052643E-01   2.000000000    
     5 -0.5436636763E-01   2.000000000    
     6  0.4458687684       0.000000000    
     7  0.5331641618       0.000000000    
 
 
    21  0.6833333333      0.5000000000E-01  0.7500000000     : k-point, vkl
 (state, eigenvalue and occupancy below)
     1  -1.532138043       2.000000000    
     2 -0.7552568764       2.000000000    
     3 -0.1103383521       2.000000000    
     4 -0.6521970248E-01   2.000000000    
     5 -0.6115191588E-01   2.000000000    
     6  0.4215071181       0.000000000    
     7  0.6074152880       0.000000000    
 
 
    22  0.1666666667E-01  0.3833333333      0.7500000000     : k-point, vkl
 (state, eigenvalue and occupancy below)
     1  -1.531529840       2.000000000    
     2 -0.7500232132       2.000000000    
     3 -0.1180214657       2.000000000    
     4 -0.9400456498E-01   2.000000000    
     5 -0.5568072528E-01   2.000000000    
     6  0.4454971217       0.000000000    
     7  0.5355087763       0.000000000    
 
 
    23  0.3500000000      0.3833333333      0.7500000000     : k-point, vkl
 (state, eigenvalue and occupancy below)
     1  -1.531340268       2.000000000    
     2 -0.7473989281       2.000000000    
     3 -0.1281462355       2.000000000    
     4 -0.9509802052E-01   2.000000000    
     5 -0.6484753376E-01   2.000000000    
     6  0.5029635738       0.000000000    
     7  0.5186426189       0.000000000    
 
 
    24  0.6833333333      0.3833333333      0.7500000000     : k-point, vkl
 (state, eigenvalue and occupancy below)
     1  -1.531525465       2.000000000    
     2 -0.7499000398       2.000000000    
     3 -0.1118577041       2.000000000    
     4 -0.1015877248       2.000000000    
     5 -0.5606389658E-01   2.000000000    
     6  0.4535579421       0.000000000    
     7  0.5310768505       0.000000000    
 
 
    25  0.1666666667E-01  0.7166666667      0.7500000000     : k-point, vkl
 (state, eigenvalue and occupancy below)
     1  -1.532439795       2.000000000    
     2 -0.7581022115       2.000000000    
     3 -0.9902986090E-01   2.000000000    
     4 -0.5964517961E-01   2.000000000    
     5 -0.5888863581E-01   2.000000000    
     6  0.4002800481       0.000000000    
     7  0.6369669283       0.000000000    
 
 
    26  0.3500000000      0.7166666667      0.7500000000     : k-point, vkl
 (state, eigenvalue and occupancy below)
     1  -1.531497489       2.000000000    
     2 -0.7496198389       2.000000000    
     3 -0.1187808095       2.000000000    
     4 -0.9506461446E-01   2.000000000    
     5 -0.5707956420E-01   2.000000000    
     6  0.4516686797       0.000000000    
     7  0.5341467168       0.000000000    
 
 
    27  0.6833333333      0.7166666667      0.7500000000     : k-point, vkl
 (state, eigenvalue and occupancy below)
     1  -1.532721985       2.000000000    
     2 -0.7613470886       2.000000000    
     3 -0.9729447514E-01   2.000000000    
     4 -0.4722476179E-01   2.000000000    
     5 -0.4234928140E-01   2.000000000    
     6  0.3562120249       0.000000000    
     7  0.6111154159       0.000000000    
 
