   300.0000000     -0.8959616000E-02   1076308.391       0.000000000    
   400.0000000     -0.1194886047E-01   720723275.7       0.000000000    
   500.0000000     -0.1495143148E-01  0.3260748031E+11   0.000000000    
   600.0000000     -0.1799056504E-01  0.3943575660E+12   0.000000000    
   700.0000000     -0.2109838151E-01  0.2296802527E+13   0.000000000    
   800.0000000     -0.2430939320E-01  0.8619192748E+13   0.000000000    
   900.0000000     -0.2765572049E-01  0.2436824210E+14   0.000000000    
   1000.000000     -0.3116367474E-01  0.5670756308E+14   0.000000000    
   1100.000000     -0.3485204978E-01  0.1145037613E+15   0.000000000    
   1200.000000     -0.3873109679E-01  0.2074305958E+15   0.000000000    
