        0.000000       -0.011411        0.011411
        1.036417       -0.011411        0.011411
        2.072833       -0.011411        0.011411
        3.109250       -0.011411        0.011411
        4.145666       -0.011411        0.011411
        5.182083       -0.011411        0.011411
        6.218499       -0.011411        0.011411
