 
+----------------------------+
| Real-space lattice vectors |
+----------------------------+
 
vector a1 :    8.763555397       0.000000000       0.000000000    
vector a2 :    0.000000000       8.763555397       0.000000000    
vector a3 :    0.000000000       0.000000000       5.610015465    
 
Stored column-wise as a matrix :
   8.763555397       0.000000000       0.000000000    
   0.000000000       8.763555397       0.000000000    
   0.000000000       0.000000000       5.610015465    
 
Inverse of matrix :
  0.1141089381       0.000000000       0.000000000    
   0.000000000      0.1141089381       0.000000000    
   0.000000000       0.000000000      0.1782526280    
 
Unit cell volume :    430.8486446    
 
 
+----------------------------------+
| Reciprocal-space lattice vectors |
+----------------------------------+
 
vector b1 :   0.7169676030       0.000000000       0.000000000    
vector b2 :    0.000000000      0.7169676030       0.000000000    
vector b3 :    0.000000000       0.000000000       1.119994293    
 
Stored column-wise as a matrix :
  0.7169676030       0.000000000       0.000000000    
   0.000000000      0.7169676030       0.000000000    
   0.000000000       0.000000000       1.119994293    
 
Inverse of matrix :
   1.394763160       0.000000000       0.000000000    
   0.000000000       1.394763160       0.000000000    
   0.000000000       0.000000000      0.8928616921    
 
Brillouin zone volume :   0.5757247157    
