       1        1  0.3976378333274547E+01 -0.4779912800474424E-17  0.3976378333274547E+01
       1        2 -0.1361281689842766E-02 -0.3003834687853379E-14  0.1361281689842766E-02
       1        3 -0.1626616162087585E-02 -0.1478301403612750E-14  0.1626616162087585E-02
       1        4 -0.3211552962744221E-02 -0.9771928791930192E-14  0.3211552962744221E-02
       2        1 -0.1361281689842772E-02  0.3005073632357416E-14  0.1361281689842772E-02
       2        2  0.3971484292249355E+01  0.1011542627478846E-17  0.3971484292249355E+01
       2        3 -0.4780402269548851E-02  0.3248349118105376E-15  0.4780402269548851E-02
       2        4 -0.4357734094773368E-03 -0.1923019058970116E-14  0.4357734094773368E-03
       3        1 -0.1626616162087575E-02  0.1479325731143776E-14  0.1626616162087575E-02
       3        2 -0.4780402269548882E-02 -0.3255504428927307E-15  0.4780402269548882E-02
       3        3  0.3972137767803027E+01 -0.6155097260121382E-17  0.3972137767803027E+01
       3        4 -0.7536812004941595E-03 -0.3581095635280624E-14  0.7536812004941595E-03
       4        1 -0.3211552962744241E-02  0.9762410047427185E-14  0.3211552962744241E-02
       4        2 -0.4357734094773365E-03  0.1919207410707471E-14  0.4357734094773365E-03
       4        3 -0.7536812004941582E-03  0.3578616899239603E-14  0.7536812004941582E-03
       4        4  0.3979226526233449E+01  0.3899216911011665E-17  0.3979226526233449E+01
#     i1       i2            Re(esp_i1i2)            Im(eps_i1i2)           Abs(eps_i1i2)
# RPA static screening (microscopic dielectric tensor/function)
# frequency w = 0
# Positive integer index G+q vectors.
# Negative integer index cartesian directrions for head and wings.
# (Head has 2 catesian indices and no G+q index,
# while the wings have one cartesian and one G+q index).
