  0.2671197020E-01  0.2401811662E-19 : BSE kernel diagonal mean value
  0.1534398525E-01   0.000000000     : BSE kernel diagonal lower limit
  0.3793968506E-01   0.000000000     : BSE kernel diagonal upper limit
  0.2259569981E-01   0.000000000     : BSE kernel diagonal window size
 
  0.7268696747      0.6535661909E-18 : BSE kernel diagonal mean value (eV)
  0.4175310726       0.000000000     : BSE kernel diagonal lower limit (eV)
   1.032391334       0.000000000     : BSE kernel diagonal upper limit (eV)
  0.6148602610       0.000000000     : BSE kernel diagonal window size (eV)
 
   84.59016553     : BSE kernel diagonal deviation (%)
