================================================================================
| EXCITING OXYGEN started                                                      =
| version hash id: 857b78c25a3bf566878cbdb26efd4618f4636ab8                    =
|                                                                              =
| compiler: ifort (IFORT) 19.0.0.117 20180804                                  =
|                                                                              =
|                                                                              =
| Date (DD-MM-YYYY) : 26-09-2022                                               =
| Time (hh:mm:ss)   : 13:25:54                                                 =
|                                                                              =
| All units are atomic (Hartree, Bohr, etc.)                                   =
================================================================================
 
********************************************************************************
* Ground-state run resuming from STATE.OUT                                     *
********************************************************************************
 
++++++++++++++++++++++++++++++++++++++++++++++++++++++++++++++++++++++++++++++++
+ Starting initialization                                                      +
++++++++++++++++++++++++++++++++++++++++++++++++++++++++++++++++++++++++++++++++
 
 Lattice vectors (cartesian) :
      8.7635553970      0.0000000000      0.0000000000
      0.0000000000      8.7635553970      0.0000000000
      0.0000000000      0.0000000000      5.6100154650
 
 Reciprocal lattice vectors (cartesian) :
      0.7169676030      0.0000000000      0.0000000000
      0.0000000000      0.7169676030      0.0000000000
      0.0000000000      0.0000000000      1.1199942935
 
 Unit cell volume                           :     430.8486446417
 Brillouin zone volume                      :       0.5757247157
 
 Species :    1 (Ti)
     parameters loaded from                 :    Ti.xml
     name                                   :    titanium
     nuclear charge                         :     -22.00000000
     electronic charge                      :      22.00000000
     atomic mass                            :   87256.20311000
     muffin-tin radius                      :       1.80000000
     # of radial points in muffin-tin       :     350
 
     atomic positions (lattice) :
       1 :   0.00000000  0.00000000  0.00000000
       2 :   0.50000000  0.50000000  0.50000000
 
 Species :    2 (O)
     parameters loaded from                 :    O.xml
     name                                   :    oxygen
     nuclear charge                         :      -8.00000000
     electronic charge                      :       8.00000000
     atomic mass                            :   29165.12203000
     muffin-tin radius                      :       1.80000000
     # of radial points in muffin-tin       :     250
 
     atomic positions (lattice) :
       1 :   0.30508536  0.30508536  0.00000000
       2 :   0.69491464  0.69491464  0.00000000
       3 :   0.19491464  0.80508536  0.50000000
       4 :   0.80508536  0.19491464  0.50000000
 
 Total number of atoms per unit cell        :       6
 
 Spin treatment                             :    spin-unpolarised
 
 Number of Bravais lattice symmetries       :      16
 Number of crystal symmetries               :      16
 
 k-point grid                               :       1    1    2
 k-point offset :       0.050000  0.150000  0.250000
 Total number of k-points                   :       2
 k-point set is not reduced
 
 R^MT_min * |G+k|_max (rgkmax)              :       7.00000000
 Species with R^MT_min                      :       1 (Ti)
 Maximum |G+k| for APW functions            :       3.88888889
 Maximum |G| for potential and density      :      12.00000000
 
 G-vector grid sizes                        :      36    36    24
 Total number of G-vectors                  :   12537
 
 Maximum angular momentum used for
     APW functions                          :       8
     computing H and O matrix elements      :       8
     potential and density                  :       8
     inner part of muffin-tin               :       2
 
 Total nuclear charge                       :     -76.00000000
 Total electronic charge                    :      76.00000000
 Total core charge                          :      28.00000000
 Total valence charge                       :      48.00000000
 
 Number of empty states                     :      30
 Total number of valence states             :      55
 
 Maximum Hamiltonian size                   :     483
 Maximum number of plane-waves              :     441
 Total number of local-orbitals             :      42
 
 Exchange-correlation type                  :      22
     PBEsol, Phys. Rev. Lett. 100, 136406 (2008)
     Generalised gradient approximation (GGA)
 
 Smearing scheme                            :    Gaussian
 Smearing width                             :       0.00100000
 
 Using multisecant Broyden potential mixing
 
++++++++++++++++++++++++++++++++++++++++++++++++++++++++++++++++++++++++++++++++
+ Ending initialization                                                        +
++++++++++++++++++++++++++++++++++++++++++++++++++++++++++++++++++++++++++++++++
 
********************************************************************************
* Groundstate module started                                                   *
********************************************************************************
 Output level for this task is set to normal
 
++++++++++++++++++++++++++++++++++++++++++++++++++++++++++++++++++++++++++++++++
+ Self-consistent loop started                                                 +
++++++++++++++++++++++++++++++++++++++++++++++++++++++++++++++++++++++++++++++++
 Potential read in from STATE.OUT
 
 
++++++++++++++++++++++++++++++++++++++++++++++++++++++++++++++++++++++++++++++++
+ Reached self-consistent loops maximum :    1                                 +
++++++++++++++++++++++++++++++++++++++++++++++++++++++++++++++++++++++++++++++++
 Total energy                               :     -2007.31168908
 _______________________________________________________________
 Fermi energy                               :         0.21783307
 Kinetic energy                             :      2020.09043789
 Coulomb energy                             :     -3911.90890506
 Exchange energy                            :      -112.00540732
 Correlation energy                         :        -3.48781458
 
 DOS at Fermi energy (states/Ha/cell)       :         0.00000000
 
 Electron charges :
     core                                   :        28.00000000
     core leakage                           :         0.00000111
     valence                                :        48.00000000
     interstitial                           :         7.36138512
     charge in muffin-tin spheres :
                  atom     1    Ti          :        18.92786018
                  atom     2    Ti          :        18.92786018
                  atom     3     O          :         7.69572363
                  atom     4     O          :         7.69572363
                  atom     5     O          :         7.69572363
                  atom     6     O          :         7.69572363
     total charge in muffin-tins            :        68.63861488
     total charge                           :        76.00000000
 
 Estimated fundamental gap                  :         0.07664747
        valence-band maximum at    1      0.0500  0.1500  0.1250
     conduction-band minimum at    2      0.0500  0.1500  0.6250
 
++++++++++++++++++++++++++++++++++++++++++++++++++++++++++++++++++++++++++++++++
+ Self-consistent loop stopped                                                 +
++++++++++++++++++++++++++++++++++++++++++++++++++++++++++++++++++++++++++++++++
 
********************************************************************************
* Groundstate module stopped                                                   *
********************************************************************************
 
 Total time spent (seconds)                 :         1.66
 
--------------------------------------------------------------------------------
- CAUTION! Warnings have been written in file WARNING.OUT !                    -
--------------------------------------------------------------------------------
================================================================================
| EXCITING OXYGEN stopped                                                      =
================================================================================
