================================================================================
| EXCITING OXYGEN started for task xsgeneigvec (301)                           =
| version hash id: 857b78c25a3bf566878cbdb26efd4618f4636ab8                    =
|                                                                              =
| Date (DD-MM-YYYY) : 26-09-2022                                               =
================================================================================
================================================================================
One-shot GS runs for BSE calculations
================================================================================
++++++++++++++++++++++++++++++++++++++++++++++++++++++++++++++++++++++++++++++++
One-shot GS runs for k+qmt/2 grids
++++++++++++++++++++++++++++++++++++++++++++++++++++++++++++++++++++++++++++++++
Info(xsgeneigvec): Generating eigenvectors for Q-point      1
--------------------------------------------------------------------------------
Info(xsgeneigvec): Generation of eigenvectors finished
 
Info(xsfinit): task Nr.     301 stopped gracefully
 
 Timings: 
     Date (DD-MM-YYYY)      : 26-09-2022
     Time (hh:mm:ss)        : 13:25:56
     CPU time               : 7.90 sec; 0.00 hrs; ( 0 d, 00 h, 00 m, 08 s )
     wall time              : 2.54 sec; 0.00 hrs; ( 0 d, 00 h, 00 m, 03 s )
     CPU load               : 310.93 %
     CPU time  (cumulative) : 77.46 sec; 0.02 hrs; ( 0 d, 00 h, 01 m, 17 s )
     wall time (cumulative) : 2.54 sec; 0.00 hrs; ( 0 d, 00 h, 00 m, 03 s )
     CPU load  (cumulative) : 310.93 %
 
================================================================================
= EXCITING OXYGEN stopped for task    301                                      =
================================================================================
 
 
================================================================================
| EXCITING OXYGEN started for task writepmatxs (320)                           =
| Date (DD-MM-YYYY) : 26-09-2022                                               =
================================================================================
Info(writepmatxs): Momentum matrix elements finished
Info(xsfinit): task Nr.     320 stopped gracefully
 
 Timings: 
     Date (DD-MM-YYYY)      : 26-09-2022
     Time (hh:mm:ss)        : 13:26:00
     CPU time               : 6.92 sec; 0.00 hrs; ( 0 d, 00 h, 00 m, 07 s )
     wall time              : 4.31 sec; 0.00 hrs; ( 0 d, 00 h, 00 m, 04 s )
     CPU load               : 160.69 %
     CPU time  (cumulative) : 84.38 sec; 0.02 hrs; ( 0 d, 00 h, 01 m, 24 s )
     wall time (cumulative) : 6.85 sec; 0.00 hrs; ( 0 d, 00 h, 00 m, 07 s )
     CPU load  (cumulative) : 160.69 %
 
================================================================================
= EXCITING OXYGEN stopped for task    320                                      =
================================================================================
 
 
================================================================================
| EXCITING OXYGEN started for task scrgeneigvec (401)                          =
| Date (DD-MM-YYYY) : 26-09-2022                                               =
================================================================================
 
Info(xsinit): mapping screening-specific parameters
 
================================================================================
One-shot GS runs for BSE calculations
================================================================================
++++++++++++++++++++++++++++++++++++++++++++++++++++++++++++++++++++++++++++++++
One-shot GS runs for k+qmt/2 grids
++++++++++++++++++++++++++++++++++++++++++++++++++++++++++++++++++++++++++++++++
Info(xsgeneigvec): Generating eigenvectors for Q-point      1
Using screening GS parameters.
--------------------------------------------------------------------------------
Info(xsgeneigvec): Generation of eigenvectors finished
 
Info(xsfinit): task Nr.     401 stopped gracefully
 
 Timings: 
     Date (DD-MM-YYYY)      : 26-09-2022
     Time (hh:mm:ss)        : 13:26:02
     CPU time               : 6.33 sec; 0.00 hrs; ( 0 d, 00 h, 00 m, 06 s )
     wall time              : 2.15 sec; 0.00 hrs; ( 0 d, 00 h, 00 m, 02 s )
     CPU load               : 294.74 %
     CPU time  (cumulative) : 90.71 sec; 0.03 hrs; ( 0 d, 00 h, 01 m, 31 s )
     wall time (cumulative) : 9.00 sec; 0.00 hrs; ( 0 d, 00 h, 00 m, 09 s )
     CPU load  (cumulative) : 294.74 %
 
================================================================================
= EXCITING OXYGEN stopped for task    401                                      =
================================================================================
 
 
================================================================================
| EXCITING OXYGEN started for task scrwritepmat (420)                          =
| Date (DD-MM-YYYY) : 26-09-2022                                               =
================================================================================
 
Info(xsinit): mapping screening-specific parameters
 
Info(writepmatxs): Momentum matrix elements finished
Info(scrwritepmat): Momentum matrix elements for screening finished
Info(xsfinit): task Nr.     420 stopped gracefully
 
 Timings: 
     Date (DD-MM-YYYY)      : 26-09-2022
     Time (hh:mm:ss)        : 13:26:06
     CPU time               : 5.55 sec; 0.00 hrs; ( 0 d, 00 h, 00 m, 06 s )
     wall time              : 3.79 sec; 0.00 hrs; ( 0 d, 00 h, 00 m, 04 s )
     CPU load               : 146.47 %
     CPU time  (cumulative) : 96.27 sec; 0.03 hrs; ( 0 d, 00 h, 01 m, 36 s )
     wall time (cumulative) : 12.79 sec; 0.00 hrs; ( 0 d, 00 h, 00 m, 13 s )
     CPU load  (cumulative) : 146.47 %
 
================================================================================
= EXCITING OXYGEN stopped for task    420                                      =
================================================================================
 
 
================================================================================
| EXCITING OXYGEN started for task screen (430)                                =
| Date (DD-MM-YYYY) : 26-09-2022                                               =
================================================================================
 
Info(xsinit): mapping screening-specific parameters
 
++++++++++++++++++++++++++++++++++++++++++++++++++++++++++++++++++++++++++++++++
Info(screenlauncher): Calculating screening for unshifted q-grid.
Info(screenlauncher): Number of q points:       2
++++++++++++++++++++++++++++++++++++++++++++++++++++++++++++++++++++++++++++++++
 
Info(screenlauncher): lowest (partially)  unoccupied state:     25
Info(screenlauncher): highest (partially) occupied state  :     24
Info(screenlauncher): number of occupied states considered:   24
Info(screenlauncher): number of unoccupied states considered:   51
--------------------------------------------------------------------------------
 
Info(screenlauncher): Starting loop over q-points
 
++++++++++++++++++++++++++++++++++++++++++++++++++++++++++++++++++++++++++++++++
Info(screenlauncher): Screening for unshifted q-grid finished
++++++++++++++++++++++++++++++++++++++++++++++++++++++++++++++++++++++++++++++++
 
Info(screenlauncher): Screening finished
Info(xsfinit): task Nr.     430 stopped gracefully
 
 Timings: 
     Date (DD-MM-YYYY)      : 26-09-2022
     Time (hh:mm:ss)        : 13:26:07
     CPU time               : 3.39 sec; 0.00 hrs; ( 0 d, 00 h, 00 m, 03 s )
     wall time              : 1.19 sec; 0.00 hrs; ( 0 d, 00 h, 00 m, 01 s )
     CPU load               : 285.26 %
     CPU time  (cumulative) : 99.65 sec; 0.03 hrs; ( 0 d, 00 h, 01 m, 40 s )
     wall time (cumulative) : 13.98 sec; 0.00 hrs; ( 0 d, 00 h, 00 m, 14 s )
     CPU load  (cumulative) : 285.26 %
 
================================================================================
= EXCITING OXYGEN stopped for task    430                                      =
================================================================================
 
 
================================================================================
| EXCITING OXYGEN started for task scrcoulint (440)                            =
| Date (DD-MM-YYYY) : 26-09-2022                                               =
================================================================================
 
Info(xsinit): mapping BSE-specific parameters
 
++++++++++++++++++++++++++++++++++++++++++++++++++++++++++++++++++++++++++++++++
Info(scrcoulintlauncher): Setting up screened Coulomb interaction matrix W.
Info(scrcoulintlauncher): Using momentum transfer vectors from list :   1 to  1
++++++++++++++++++++++++++++++++++++++++++++++++++++++++++++++++++++++++++++++++
 
++++++++++++++++++++++++++++++++++++++++++++++++++++++++++++++++++++++++++++++++
Info(scrcoulintlauncher): Calculating screened Coulomb interaction matrix W
Info(scrcoulintlauncher): Momentum transfer list index: iqmt=  1
Info(scrcoulintlauncher): Momentum transfer: vqmtl=   0.000   0.000   0.000
++++++++++++++++++++++++++++++++++++++++++++++++++++++++++++++++++++++++++++++++
 
Info(scrcoulintlauncher): Calculating RR block of W
 
--------------------------------------------------------------------------------
Info(scrcoulint): Inspecting occupations...
Info(setranges_modxs): Determining k+qmt/2 grid
Info(setranges_modxs): Determining k-qmt/2 grid
Info(setranges_modxs): Number of non-reduced k-points:        2
Info(setranges_modxs): Number of states considered:       55
Info(setranges_modxs): Number of (partially) occupied states:       10
Info(setranges_modxs): Highest (partially) occupied states:       24
Info(setranges_modxs): Number of (partially) unoccupied states:       31
Info(setranges_modxs): Lowest (partially) unoccupied states:       25
--------------------------------------------------------------------------------
Info(scrcoulint): Selecting transitions...
Info(select_transitions): Inspecting transitions in the  band interval:
  lowest occupied state:   5
  highest occupied state:  10
  lowest unoccupied state:  25
  highest unoccupied state:  34
  Opening gap with a scissor of:      0.000/H      0.000/eV
Info(select_transitions): Number of participating transitions:     120
--------------------------------------------------------------------------------
Info(scrcoulint): Size of file SCCLI will be about     0.000161 GB
Info(scrcoulint): Using q-grid
Info(scrcoulint): Number of reduced q-points:      2
Info(scrcoulint): Number of non-reduced q-points:      2
 
Info(scrcoulint): Calculating W(G1,G2,qr) fourier coefficients
Info(scrcoulint): Calculating W matrix elements
++++++++++++++++++++++++++++++++++++++++++++++++++++++++++++++++++++++++++++++++
Info(scrcoulintlauncher): Screened coulomb interaction finished for iqmt=   1
++++++++++++++++++++++++++++++++++++++++++++++++++++++++++++++++++++++++++++++++
Info(xsfinit): task Nr.     440 stopped gracefully
 
 Timings: 
     Date (DD-MM-YYYY)      : 26-09-2022
     Time (hh:mm:ss)        : 13:26:08
     CPU time               : 3.04 sec; 0.00 hrs; ( 0 d, 00 h, 00 m, 03 s )
     wall time              : 1.05 sec; 0.00 hrs; ( 0 d, 00 h, 00 m, 01 s )
     CPU load               : 290.83 %
     CPU time  (cumulative) : 102.70 sec; 0.03 hrs; ( 0 d, 00 h, 01 m, 43 s )
     wall time (cumulative) : 15.02 sec; 0.00 hrs; ( 0 d, 00 h, 00 m, 15 s )
     CPU load  (cumulative) : 290.83 %
 
================================================================================
= EXCITING OXYGEN stopped for task    440                                      =
================================================================================
 
 
================================================================================
| EXCITING OXYGEN started for task exccoulint (441)                            =
| Date (DD-MM-YYYY) : 26-09-2022                                               =
================================================================================
 
Info(xsinit): mapping BSE-specific parameters
 
++++++++++++++++++++++++++++++++++++++++++++++++++++++++++++++++++++++++++++++++
Info(exccoulintlauncher): Setting up exchange interaction matrix V.
Info(exccoulintlauncher): Using momentum transfer vectors from list :   1 to  1
++++++++++++++++++++++++++++++++++++++++++++++++++++++++++++++++++++++++++++++++
 
++++++++++++++++++++++++++++++++++++++++++++++++++++++++++++++++++++++++++++++++
Info(exccoulintlauncher):Calculating exchange interaction matrix V
Info(exccoulintlauncher): Momentum transfer list index: iqmt=  1
Info(exccoulintlauncher): Momentum transfer: vqmtl=   0.000   0.000   0.000
++++++++++++++++++++++++++++++++++++++++++++++++++++++++++++++++++++++++++++++++
 
Info(exccoulintlauncher): Calculating RR block of V
 
--------------------------------------------------------------------------------
Info(exccoulint): Inspecting occupations...
Info(setranges_modxs): Determining k+qmt/2 grid
Info(setranges_modxs): Determining k-qmt/2 grid
Info(setranges_modxs): Number of non-reduced k-points:        2
Info(setranges_modxs): Number of states considered:       55
Info(setranges_modxs): Number of (partially) occupied states:       10
Info(setranges_modxs): Highest (partially) occupied states:       24
Info(setranges_modxs): Number of (partially) unoccupied states:       31
Info(setranges_modxs): Lowest (partially) unoccupied states:       25
--------------------------------------------------------------------------------
Info(exccoulint): Selecting transitions...
Info(select_transitions): Inspecting transitions in the  band interval:
  lowest occupied state:   5
  highest occupied state:  10
  lowest unoccupied state:  25
  highest unoccupied state:  34
  Opening gap with a scissor of:      0.000/H      0.000/eV
Info(select_transitions): Number of participating transitions:     120
--------------------------------------------------------------------------------
Info(exccoulint): Size of file EXCLI will be about     0.000161 GB
 
Info(exccoulint): Generating plane wave matrix elements for momentum transfer iqmt=   1
  Timing (in seconds)	   :       1.115
 
Info(exccoulint): Generating V matrix elements
Info(exccoulint): Zeroing Coulomb potential at G+qmt index:  1
++++++++++++++++++++++++++++++++++++++++++++++++++++++++++++++++++++++++++++++++
Info(exccoulintlauncher): Exchange interaction finished for iqmt=   1
++++++++++++++++++++++++++++++++++++++++++++++++++++++++++++++++++++++++++++++++
Info(xsfinit): task Nr.     441 stopped gracefully
 
 Timings: 
     Date (DD-MM-YYYY)      : 26-09-2022
     Time (hh:mm:ss)        : 13:26:10
     CPU time               : 5.90 sec; 0.00 hrs; ( 0 d, 00 h, 00 m, 06 s )
     wall time              : 1.87 sec; 0.00 hrs; ( 0 d, 00 h, 00 m, 02 s )
     CPU load               : 315.84 %
     CPU time  (cumulative) : 108.60 sec; 0.03 hrs; ( 0 d, 00 h, 01 m, 49 s )
     wall time (cumulative) : 16.89 sec; 0.00 hrs; ( 0 d, 00 h, 00 m, 17 s )
     CPU load  (cumulative) : 315.84 %
 
================================================================================
= EXCITING OXYGEN stopped for task    441                                      =
================================================================================
 
 
================================================================================
| EXCITING OXYGEN started for task bse (445)                                   =
| Date (DD-MM-YYYY) : 26-09-2022                                               =
================================================================================
 
Info(xsinit): mapping BSE-specific parameters
 
Info(bselauncher): Init time:    0.655382
++++++++++++++++++++++++++++++++++++++++++++++++++++++++++++++++++++++++++++++++
Info(bselauncher): Setting up and diagonalizing BSE Hamiltonian.
Info(bselauncher): Using momentum transfer vectors from list :   1 to  1
++++++++++++++++++++++++++++++++++++++++++++++++++++++++++++++++++++++++++++++++
Info(bselauncher): Serial execution
++++++++++++++++++++++++++++++++++++++++++++++++++++++++++++++++++++++++++++++++
--------------------------------------------------------------------------------
Info(bselauncher): Momentum transfer list index: iqmt=  1
Info(bselauncher): Momentum transfer: vqmtl=   0.000   0.000   0.000
--------------------------------------------------------------------------------
--------------------------------------------------------------------------------
Info(bse): Inspecting occupations...
Info(setranges_modxs): Determining k+qmt/2 grid
Info(setranges_modxs): Determining k-qmt/2 grid
Info(setranges_modxs): Number of non-reduced k-points:        2
Info(setranges_modxs): Number of states considered:       55
Info(setranges_modxs): Number of (partially) occupied states:       10
Info(setranges_modxs): Highest (partially) occupied states:       24
Info(setranges_modxs): Number of (partially) unoccupied states:       31
Info(setranges_modxs): Lowest (partially) unoccupied states:       25
Info(select_transitions): Inspecting transitions in the  band interval:
  lowest occupied state:   5
  highest occupied state:  10
  lowest unoccupied state:  25
  highest unoccupied state:  34
  Opening gap with a scissor of:      0.000/H      0.000/eV
Info(select_transitions): Number of participating transitions:     120
--------------------------------------------------------------------------------
Info(bse): Selecting transitions...
--------------------------------------------------------------------------------
 
Info(bse):bsegap (eV):   439.1793772884584541
Info(bse): Assembling BSE matrix
  RR/RA blocks of global BSE-Hamiltonian:
  Size of the Hamiltonian:     120
  Number of k-points:       2
  Distributing matrix to   1 processes
  Local matrix shape    120 x   120
Info(bse): max local RAM needed for BSE matrices ~     0.000215 GB
 
--------------------------------------------------------------------------------
Info(setup_bse_block): Setting up RR part of hamiltonian
Info(setup_bse_block): Singlet spin state
 Hamiltonian constructed.
All processes build their local matrix
Info(bse): Diagonalizing RR Hamiltonian (TDA)
Info(bse): Invoking Lapack routine ZHEEVR
       120 eigen solutions found in the interval:
         i1=       1 i2=     120
 
--------------------------------------------------------------------------------
Info(makeoscistr_dist): Making oscillator strengths (distributed).
Info(makeoscistr_dist): iqmt=   1
Info(makeoscistr_dist): Qmt=       0.000000       0.000000       0.000000
Info(makeoscistr_dist): Using zero momentum transfer formalismus.
Info(makeoscistr_dist): Making oscillator strengths using dipole operator matrix elements.
  Building Dipole matrix.
  Building distributed resonant oscillator strengths.
 
--------------------------------------------------------------------------------
Info(bse): Writing excition energies and oscillator strengths to text file.
Info(makespectrum_dist): Making spectrum using formula for coupling with time reversed AR basis.
Info(makespectrum_dist): Using formalism for vanishing momentum transfer.
Info(finalizespectrum): Finalizing spectrum.
Info(finalizespectrum): Using modified density-response function to build spectrum.
Info(writederived): Writing quantities derived from the macroscopic dielectric function.
  Derived quantities written.
--------------------------------------------------------------------------------
Info(bselauncher): Spectrum finished for iqmt=  1
--------------------------------------------------------------------------------
Info(xsfinit): task Nr.     445 stopped gracefully
 
 Timings: 
     Date (DD-MM-YYYY)      : 26-09-2022
     Time (hh:mm:ss)        : 13:26:11
     CPU time               : 1.61 sec; 0.00 hrs; ( 0 d, 00 h, 00 m, 02 s )
     wall time              : 0.69 sec; 0.00 hrs; ( 0 d, 00 h, 00 m, 01 s )
     CPU load               : 232.53 %
     CPU time  (cumulative) : 110.21 sec; 0.03 hrs; ( 0 d, 00 h, 01 m, 50 s )
     wall time (cumulative) : 17.58 sec; 0.00 hrs; ( 0 d, 00 h, 00 m, 18 s )
     CPU load  (cumulative) : 232.53 %
 
================================================================================
= EXCITING OXYGEN stopped for task    445                                      =
================================================================================
 
 
