    10 : nkpt
    10 : nstsv
 
     1  0.1250000000      0.1250000000      0.1250000000     : k-point, vkl
 (state, eigenvalue and occupancy below)
     1  -2.094095007       2.000000000    
     2  -2.093952420       2.000000000    
     3  -2.093952420       2.000000000    
     4 -0.1192867828       2.000000000    
     5  0.6029923140       0.000000000    
     6  0.7312934770       0.000000000    
     7  0.7312934770       0.000000000    
     8  0.8496896450       0.000000000    
     9  0.8888723336       0.000000000    
    10  0.8888723336       0.000000000    
 
 
     2  0.3750000000      0.1250000000      0.1250000000     : k-point, vkl
 (state, eigenvalue and occupancy below)
     1  -2.094609891       2.000000000    
     2  -2.094155006       2.000000000    
     3  -2.094024656       2.000000000    
     4 -0.3392768067E-01   2.000000000    
     5  0.3723019869       0.000000000    
     6  0.5402641234       0.000000000    
     7  0.7370901572       0.000000000    
     8  0.8087836897       0.000000000    
     9  0.8104267444       0.000000000    
    10  0.9106087798       0.000000000    
 
 
     3  0.6250000000      0.1250000000      0.1250000000     : k-point, vkl
 (state, eigenvalue and occupancy below)
     1  -2.094896337       2.000000000    
     2  -2.094213888       2.000000000    
     3  -2.094140313       2.000000000    
     4  0.9102514461E-01   2.000000000    
     5  0.1742238657       2.000000000    
     6  0.5765297611       0.000000000    
     7  0.6265043471       0.000000000    
     8  0.6942536660       0.000000000    
     9  0.8485377659       0.000000000    
    10  0.9590370559       0.000000000    
 
 
     4  0.8750000000      0.1250000000      0.1250000000     : k-point, vkl
 (state, eigenvalue and occupancy below)
     1  -2.094370850       2.000000000    
     2  -2.094054854       2.000000000    
     3  -2.094025474       2.000000000    
     4 -0.7641021267E-01   2.000000000    
     5  0.4885085894       0.000000000    
     6  0.6253828473       0.000000000    
     7  0.6799859399       0.000000000    
     8  0.7308637337       0.000000000    
     9  0.8297333467       0.000000000    
    10  0.9764842033       0.000000000    
 
 
     5  0.3750000000      0.3750000000      0.1250000000     : k-point, vkl
 (state, eigenvalue and occupancy below)
     1  -2.094700172       2.000000000    
     2  -2.094249241       2.000000000    
     3  -2.094213345       2.000000000    
     4  0.8122022248E-02   2.000000000    
     5  0.4092690350       0.000000000    
     6  0.4997801316       0.000000000    
     7  0.5527509536       0.000000000    
     8  0.6068687839       0.000000000    
     9  0.7651863751       0.000000000    
    10   1.059315980       0.000000000    
 
 
     6  0.6250000000      0.3750000000      0.1250000000     : k-point, vkl
 (state, eigenvalue and occupancy below)
     1  -2.094721141       2.000000000    
     2  -2.094500744       2.000000000    
     3  -2.094292479       2.000000000    
     4  0.1708648417       2.000000000    
     5  0.2519604603       2.000000000    
     6  0.3435147956       0.000000000    
     7  0.4289831547       0.000000000    
     8  0.7382582008       0.000000000    
     9  0.8993065748       0.000000000    
    10  0.9684940380       0.000000000    
 
 
     7  0.8750000000      0.3750000000      0.1250000000     : k-point, vkl
 (state, eigenvalue and occupancy below)
     1  -2.094756344       2.000000000    
     2  -2.094321322       2.000000000    
     3  -2.094143937       2.000000000    
     4  0.4984309475E-01   2.000000000    
     5  0.2925664620      0.9999951820    
     6  0.4622621300       0.000000000    
     7  0.5425239764       0.000000000    
     8  0.7739434021       0.000000000    
     9  0.8543428612       0.000000000    
    10  0.9368068641       0.000000000    
 
 
     8  0.6250000000      0.6250000000      0.1250000000     : k-point, vkl
 (state, eigenvalue and occupancy below)
     1  -2.094832286       2.000000000    
     2  -2.094381131       2.000000000    
     3  -2.094285574       2.000000000    
     4  0.1306466753       2.000000000    
     5  0.3017571706       0.000000000    
     6  0.3718900423       0.000000000    
     7  0.5164363193       0.000000000    
     8  0.5658305893       0.000000000    
     9  0.7295601006       0.000000000    
    10   1.165176106       0.000000000    
 
 
     9  0.3750000000      0.3750000000      0.3750000000     : k-point, vkl
 (state, eigenvalue and occupancy below)
     1  -2.094833779       2.000000000    
     2  -2.094076289       2.000000000    
     3  -2.094076289       2.000000000    
     4  0.8179992974E-02   2.000000000    
     5  0.2549401650       2.000000000    
     6  0.6999330807       0.000000000    
     7  0.6999330807       0.000000000    
     8  0.7743127543       0.000000000    
     9  0.7743127543       0.000000000    
    10  0.8362521727       0.000000000    
 
 
    10  0.6250000000      0.3750000000      0.3750000000     : k-point, vkl
 (state, eigenvalue and occupancy below)
     1  -2.094768609       2.000000000    
     2  -2.094472950       2.000000000    
     3  -2.094177600       2.000000000    
     4  0.1318744863       2.000000000    
     5  0.2127241893       2.000000000    
     6  0.3851513700       0.000000000    
     7  0.5898856880       0.000000000    
     8  0.6588209622       0.000000000    
     9  0.9593849736       0.000000000    
    10   1.035358143       0.000000000    
 
