 
Species :    1 (Al), atom :    1
 n =  1, l =  0, k =  1 :   -55.06034189    
 n =  2, l =  0, k =  1 :   -3.510154545    
