    -579.976794452    
 
    -570.412698900    
 
    -570.407179443    
 
    -570.406646856    
 
    -570.406586008    
 
    -570.406576979    
 
