     1 : nkpt
    10 : nstsv
 
     1   0.000000000       0.000000000       0.000000000     : k-point, vkl
 (state, eigenvalue and occupancy below)
     1 -0.8910407641       2.000000000    
     2 -0.3809251707       2.000000000    
     3 -0.3809251707       2.000000000    
     4 -0.3809251707       2.000000000    
     5 -0.1996678746E-01   0.000000000    
     6  0.6365241487E-01   0.000000000    
     7  0.6365241487E-01   0.000000000    
     8  0.6484903068E-01   0.000000000    
     9  0.6484903068E-01   0.000000000    
    10  0.6484903068E-01   0.000000000    
 
