================================================================================
| EXCITING NITROGEN-14 started                                                 =
| version hash id: 1775bff4453c84689fb848894a9224f155377cfc                    =
|                                                                              =
|                                                                              =
| Date (DD-MM-YYYY) : 10-12-2020                                               =
| Time (hh:mm:ss)   : 20:06:10                                                 =
|                                                                              =
| All units are atomic (Hartree, Bohr, etc.)                                   =
================================================================================
 
********************************************************************************
* Ground-state run starting from atomic densities                              *
********************************************************************************
 
++++++++++++++++++++++++++++++++++++++++++++++++++++++++++++++++++++++++++++++++
+ Starting initialization                                                      +
++++++++++++++++++++++++++++++++++++++++++++++++++++++++++++++++++++++++++++++++
 
 Lattice vectors (cartesian) :
      3.7500000000      3.7500000000      0.0000000000
      3.7500000000      0.0000000000      3.7500000000
      0.0000000000      3.7500000000      3.7500000000
 
 Reciprocal lattice vectors (cartesian) :
      0.8377580410      0.8377580410     -0.8377580410
      0.8377580410     -0.8377580410      0.8377580410
     -0.8377580410      0.8377580410      0.8377580410
 
 Unit cell volume                           :     105.4687500000
 Brillouin zone volume                      :       2.3518835052
 
 Species :    1 (Al)
     parameters loaded from                 :    Al.xml
     name                                   :    aluminium
     nuclear charge                         :     -13.00000000
     electronic charge                      :      13.00000000
     atomic mass                            :   49184.33493000
     muffin-tin radius                      :       2.00000000
     # of radial points in muffin-tin       :     300
 
     atomic positions (lattice) :
       1 :   0.00000000  0.00000000  0.00000000
 
 Total number of atoms per unit cell        :       1
 
 Spin treatment                             :    spin-unpolarised
 
 Number of Bravais lattice symmetries       :      48
 Number of crystal symmetries               :      48
 
 k-point grid                               :       2    2    2
 k-point offset :       0.500000  0.500000  0.500000
 Total number of k-points                   :       2
 k-point set is reduced with crystal symmetries
 
 R^MT_min * |G+k|_max (rgkmax)              :       7.00000000
 Species with R^MT_min                      :       1 (Al)
 Maximum |G+k| for APW functions            :       3.50000000
 Maximum |G| for potential and density      :      12.00000000
 Polynomial order for pseudochg. density    :       9
 
 G-vector grid sizes                        :      24    24    24
 Total number of G-vectors                  :    3119
 
 Maximum angular momentum used for
     APW functions                          :       8
     computing H and O matrix elements      :       8
     potential and density                  :       8
     inner part of muffin-tin               :       2
 
 Total nuclear charge                       :     -13.00000000
 Total electronic charge                    :      13.00000000
 Total core charge                          :       4.00000000
 Total valence charge                       :       9.00000000
 
 Effective Wigner radius, r_s               :       1.24651434
 
 Number of empty states                     :       5
 Total number of valence states             :      10
 
 Maximum Hamiltonian size                   :      84
 Maximum number of plane-waves              :      77
 Total number of local-orbitals             :       7
 
 Exchange-correlation type                  :      20
     Perdew-Burke-Ernzerhof, Phys. Rev. Lett. 77, 3865 (1996)
     Generalised gradient approximation (GGA)
 
 Smearing scheme                            :    Gaussian
 Smearing width                             :       0.00100000
 
 Using multisecant Broyden potential mixing
 
++++++++++++++++++++++++++++++++++++++++++++++++++++++++++++++++++++++++++++++++
+ Ending initialization                                                        +
++++++++++++++++++++++++++++++++++++++++++++++++++++++++++++++++++++++++++++++++
 
********************************************************************************
* Groundstate module started                                                   *
********************************************************************************
 Output level for this task is set to high
 
++++++++++++++++++++++++++++++++++++++++++++++++++++++++++++++++++++++++++++++++
+ Self-consistent loop started                                                 +
++++++++++++++++++++++++++++++++++++++++++++++++++++++++++++++++++++++++++++++++
 Density and potential initialised from atomic data
 
 
++++++++++++++++++++++++++++++++++++++++++++++++++++++++++++++++++++++++++++++++
+ SCF iteration number :    1                                                  +
++++++++++++++++++++++++++++++++++++++++++++++++++++++++++++++++++++++++++++++++
 Total energy                               :      -242.56820359
 _______________________________________________________________
 Fermi energy                               :         0.26248193
 Kinetic energy                             :       243.66042857
 Coulomb energy                             :      -467.57469051
 Exchange energy                            :       -18.13764838
 Correlation energy                         :        -0.51629326
 Sum of eigenvalues                         :      -129.10910691
 Effective potential energy                 :      -372.76953548
 Coulomb potential energy                   :      -348.69100238
 xc potential energy                        :       -24.07853310
 Hartree energy                             :        74.81504022
 Electron-nuclear energy                    :      -498.32108283
 Nuclear-nuclear energy                     :       -44.06864791
 Madelung energy                            :      -293.22918932
 Core-electron kinetic energy               :         0.00000000
 
 DOS at Fermi energy (states/Ha/cell)       :       771.31157899
 
 Electron charges :
     core                                   :         4.00000000
     core leakage                           :         0.00136771
     valence                                :         9.00000000
     interstitial                           :         2.10244390
     charge in muffin-tin spheres :
                  atom     1    Al          :        10.89755610
     total charge in muffin-tins            :        10.89755610
     total charge                           :        13.00000000
 
 Wall time (seconds)                        :         1.52
 
++++++++++++++++++++++++++++++++++++++++++++++++++++++++++++++++++++++++++++++++
+ SCF iteration number :    2                                                  +
++++++++++++++++++++++++++++++++++++++++++++++++++++++++++++++++++++++++++++++++
 Total energy                               :      -242.63166843
 _______________________________________________________________
 Fermi energy                               :         0.26165825
 Kinetic energy                             :       243.57955814
 Coulomb energy                             :      -467.55734515
 Exchange energy                            :       -18.13760899
 Correlation energy                         :        -0.51627243
 Sum of eigenvalues                         :      -129.16835391
 Effective potential energy                 :      -372.74791204
 Coulomb potential energy                   :      -348.66944167
 xc potential energy                        :       -24.07847037
 Hartree energy                             :        74.81925557
 Electron-nuclear energy                    :      -498.30795281
 Nuclear-nuclear energy                     :       -44.06864791
 Madelung energy                            :      -293.22262431
 Core-electron kinetic energy               :         0.00000000
 
 DOS at Fermi energy (states/Ha/cell)       :       771.30926850
 
 Electron charges :
     core                                   :         4.00000000
     core leakage                           :         0.00136055
     valence                                :         9.00000000
     interstitial                           :         2.10050015
     charge in muffin-tin spheres :
                  atom     1    Al          :        10.89949985
     total charge in muffin-tins            :        10.89949985
     total charge                           :        13.00000000
 
 Wall time (seconds)                        :         2.09
 
 RMS change in effective potential (target) :  0.115515      ( 0.100000E-05)
 Absolute change in total energy   (target) :  0.634648E-01  ( 0.100000E-05)
 Charge distance                   (target) :  0.385875E-03  ( 0.100000E-04)
 Abs. change in max-nonIBS-force   (target) :   0.00000      ( 0.500000E-04)
 
++++++++++++++++++++++++++++++++++++++++++++++++++++++++++++++++++++++++++++++++
+ SCF iteration number :    3                                                  +
++++++++++++++++++++++++++++++++++++++++++++++++++++++++++++++++++++++++++++++++
 Total energy                               :      -242.69088999
 _______________________________________________________________
 Fermi energy                               :         0.26097997
 Kinetic energy                             :       243.52146702
 Coulomb energy                             :      -467.55752740
 Exchange energy                            :       -18.13856467
 Correlation energy                         :        -0.51626495
 Sum of eigenvalues                         :      -129.21677158
 Effective potential energy                 :      -372.73823860
 Coulomb potential energy                   :      -348.65849988
 xc potential energy                        :       -24.07973871
 Hartree energy                             :        74.83037961
 Electron-nuclear energy                    :      -498.31925910
 Nuclear-nuclear energy                     :       -44.06864791
 Madelung energy                            :      -293.22827746
 Core-electron kinetic energy               :         0.00000000
 
 DOS at Fermi energy (states/Ha/cell)       :       771.30928163
 
 Electron charges :
     core                                   :         4.00000000
     core leakage                           :         0.00135475
     valence                                :         9.00000000
     interstitial                           :         2.09891680
     charge in muffin-tin spheres :
                  atom     1    Al          :        10.90108320
     total charge in muffin-tins            :        10.90108320
     total charge                           :        13.00000000
 
 Wall time (seconds)                        :         2.64
 
 RMS change in effective potential (target) :  0.852887E-01  ( 0.100000E-05)
 Absolute change in total energy   (target) :  0.592216E-01  ( 0.100000E-05)
 Charge distance                   (target) :  0.268031E-03  ( 0.100000E-04)
 Abs. change in max-nonIBS-force   (target) :   0.00000      ( 0.500000E-04)
 
++++++++++++++++++++++++++++++++++++++++++++++++++++++++++++++++++++++++++++++++
+ SCF iteration number :    4                                                  +
++++++++++++++++++++++++++++++++++++++++++++++++++++++++++++++++++++++++++++++++
 Total energy                               :      -242.77988078
 _______________________________________________________________
 Fermi energy                               :         0.25925759
 Kinetic energy                             :       243.37140508
 Coulomb energy                             :      -467.49840632
 Exchange energy                            :       -18.13666133
 Correlation energy                         :        -0.51621821
 Sum of eigenvalues                         :      -129.31201556
 Effective potential energy                 :      -372.68342064
 Coulomb potential energy                   :      -348.60620362
 xc potential energy                        :       -24.07721702
 Hartree energy                             :        74.82355480
 Electron-nuclear energy                    :      -498.25331321
 Nuclear-nuclear energy                     :       -44.06864791
 Madelung energy                            :      -293.19530451
 Core-electron kinetic energy               :         0.00000000
 
 DOS at Fermi energy (states/Ha/cell)       :       771.31092698
 
 Electron charges :
     core                                   :         4.00000000
     core leakage                           :         0.00134358
     valence                                :         9.00000000
     interstitial                           :         2.09556925
     charge in muffin-tin spheres :
                  atom     1    Al          :        10.90443075
     total charge in muffin-tins            :        10.90443075
     total charge                           :        13.00000000
 
 Wall time (seconds)                        :         3.18
 
 RMS change in effective potential (target) :  0.150639E-02  ( 0.100000E-05)
 Absolute change in total energy   (target) :  0.889908E-01  ( 0.100000E-05)
 Charge distance                   (target) :  0.827453E-03  ( 0.100000E-04)
 Abs. change in max-nonIBS-force   (target) :   0.00000      ( 0.500000E-04)
 
++++++++++++++++++++++++++++++++++++++++++++++++++++++++++++++++++++++++++++++++
+ SCF iteration number :    5                                                  +
++++++++++++++++++++++++++++++++++++++++++++++++++++++++++++++++++++++++++++++++
 Total energy                               :      -242.84458341
 _______________________________________________________________
 Fermi energy                               :         0.25914393
 Kinetic energy                             :       243.35881347
 Coulomb energy                             :      -467.54699535
 Exchange energy                            :       -18.14016634
 Correlation energy                         :        -0.51623519
 Sum of eigenvalues                         :      -129.34941895
 Effective potential energy                 :      -372.70823242
 Coulomb potential energy                   :      -348.62639069
 xc potential energy                        :       -24.08184174
 Hartree energy                             :        74.85195675
 Electron-nuclear energy                    :      -498.33030419
 Nuclear-nuclear energy                     :       -44.06864791
 Madelung energy                            :      -293.23380001
 Core-electron kinetic energy               :         0.00000000
 
 DOS at Fermi energy (states/Ha/cell)       :       771.31320743
 
 Electron charges :
     core                                   :         4.00000000
     core leakage                           :         0.00133939
     valence                                :         9.00000000
     interstitial                           :         2.09500295
     charge in muffin-tin spheres :
                  atom     1    Al          :        10.90499705
     total charge in muffin-tins            :        10.90499705
     total charge                           :        13.00000000
 
 Wall time (seconds)                        :         4.05
 
 RMS change in effective potential (target) :  0.146768E-02  ( 0.100000E-05)
 Absolute change in total energy   (target) :  0.647026E-01  ( 0.100000E-05)
 Charge distance                   (target) :  0.352740E-03  ( 0.100000E-04)
 Abs. change in max-nonIBS-force   (target) :   0.00000      ( 0.500000E-04)
 
++++++++++++++++++++++++++++++++++++++++++++++++++++++++++++++++++++++++++++++++
+ SCF iteration number :    6                                                  +
++++++++++++++++++++++++++++++++++++++++++++++++++++++++++++++++++++++++++++++++
 Total energy                               :      -242.81832593
 _______________________________________________________________
 Fermi energy                               :         0.25919562
 Kinetic energy                             :       243.36496806
 Coulomb energy                             :      -467.52822987
 Exchange energy                            :       -18.13883484
 Correlation energy                         :        -0.51622928
 Sum of eigenvalues                         :      -129.33350020
 Effective potential energy                 :      -372.69846825
 Coulomb potential energy                   :      -348.61838000
 xc potential energy                        :       -24.08008825
 Hartree energy                             :        74.84120196
 Electron-nuclear energy                    :      -498.30078392
 Nuclear-nuclear energy                     :       -44.06864791
 Madelung energy                            :      -293.21903987
 Core-electron kinetic energy               :         0.00000000
 
 DOS at Fermi energy (states/Ha/cell)       :       771.31417768
 
 Electron charges :
     core                                   :         4.00000000
     core leakage                           :         0.00134112
     valence                                :         9.00000000
     interstitial                           :         2.09521847
     charge in muffin-tin spheres :
                  atom     1    Al          :        10.90478153
     total charge in muffin-tins            :        10.90478153
     total charge                           :        13.00000000
 
 Wall time (seconds)                        :         4.66
 
 RMS change in effective potential (target) :  0.150202E-03  ( 0.100000E-05)
 Absolute change in total energy   (target) :  0.262575E-01  ( 0.100000E-05)
 Charge distance                   (target) :  0.125740E-03  ( 0.100000E-04)
 Abs. change in max-nonIBS-force   (target) :   0.00000      ( 0.500000E-04)
 
++++++++++++++++++++++++++++++++++++++++++++++++++++++++++++++++++++++++++++++++
+ SCF iteration number :    7                                                  +
++++++++++++++++++++++++++++++++++++++++++++++++++++++++++++++++++++++++++++++++
 Total energy                               :      -242.81469234
 _______________________________________________________________
 Fermi energy                               :         0.25919756
 Kinetic energy                             :       243.36466828
 Coulomb energy                             :      -467.52455870
 Exchange energy                            :       -18.13857440
 Correlation energy                         :        -0.51622752
 Sum of eigenvalues                         :      -129.33185735
 Effective potential energy                 :      -372.69652563
 Coulomb potential energy                   :      -348.61678252
 xc potential energy                        :       -24.07974311
 Hartree energy                             :        74.83912827
 Electron-nuclear energy                    :      -498.29503905
 Nuclear-nuclear energy                     :       -44.06864791
 Madelung energy                            :      -293.21616744
 Core-electron kinetic energy               :         0.00000000
 
 DOS at Fermi energy (states/Ha/cell)       :       771.31114539
 
 Electron charges :
     core                                   :         4.00000000
     core leakage                           :         0.00134131
     valence                                :         9.00000000
     interstitial                           :         2.09523790
     charge in muffin-tin spheres :
                  atom     1    Al          :        10.90476210
     total charge in muffin-tins            :        10.90476210
     total charge                           :        13.00000000
 
 Wall time (seconds)                        :         5.21
 
 RMS change in effective potential (target) :  0.244291E-04  ( 0.100000E-05)
 Absolute change in total energy   (target) :  0.363360E-02  ( 0.100000E-05)
 Charge distance                   (target) :  0.293551E-04  ( 0.100000E-04)
 Abs. change in max-nonIBS-force   (target) :   0.00000      ( 0.500000E-04)
 
++++++++++++++++++++++++++++++++++++++++++++++++++++++++++++++++++++++++++++++++
+ SCF iteration number :    8                                                  +
++++++++++++++++++++++++++++++++++++++++++++++++++++++++++++++++++++++++++++++++
 Total energy                               :      -242.81500594
 _______________________________________________________________
 Fermi energy                               :         0.25919826
 Kinetic energy                             :       243.36474393
 Coulomb energy                             :      -467.52492355
 Exchange energy                            :       -18.13859861
 Correlation energy                         :        -0.51622771
 Sum of eigenvalues                         :      -129.33199286
 Effective potential energy                 :      -372.69673679
 Coulomb potential energy                   :      -348.61696166
 xc potential energy                        :       -24.07977513
 Hartree energy                             :        74.83931399
 Electron-nuclear energy                    :      -498.29558963
 Nuclear-nuclear energy                     :       -44.06864791
 Madelung energy                            :      -293.21644272
 Core-electron kinetic energy               :         0.00000000
 
 DOS at Fermi energy (states/Ha/cell)       :       771.31046229
 
 Electron charges :
     core                                   :         4.00000000
     core leakage                           :         0.00134129
     valence                                :         9.00000000
     interstitial                           :         2.09523963
     charge in muffin-tin spheres :
                  atom     1    Al          :        10.90476037
     total charge in muffin-tins            :        10.90476037
     total charge                           :        13.00000000
 
 Wall time (seconds)                        :         5.78
 
 RMS change in effective potential (target) :  0.542418E-05  ( 0.100000E-05)
 Absolute change in total energy   (target) :  0.313603E-03  ( 0.100000E-05)
 Charge distance                   (target) :  0.277479E-05  ( 0.100000E-04)
 Abs. change in max-nonIBS-force   (target) :   0.00000      ( 0.500000E-04)
 
++++++++++++++++++++++++++++++++++++++++++++++++++++++++++++++++++++++++++++++++
+ SCF iteration number :    9                                                  +
++++++++++++++++++++++++++++++++++++++++++++++++++++++++++++++++++++++++++++++++
 Total energy                               :      -242.81512818
 _______________________________________________________________
 Fermi energy                               :         0.25919823
 Kinetic energy                             :       243.36475464
 Coulomb energy                             :      -467.52504768
 Exchange energy                            :       -18.13860737
 Correlation energy                         :        -0.51622777
 Sum of eigenvalues                         :      -129.33204843
 Effective potential energy                 :      -372.69680306
 Coulomb potential energy                   :      -348.61701633
 xc potential energy                        :       -24.07978673
 Hartree energy                             :        74.83938345
 Electron-nuclear energy                    :      -498.29578322
 Nuclear-nuclear energy                     :       -44.06864791
 Madelung energy                            :      -293.21653952
 Core-electron kinetic energy               :         0.00000000
 
 DOS at Fermi energy (states/Ha/cell)       :       771.31111315
 
 Electron charges :
     core                                   :         4.00000000
     core leakage                           :         0.00134129
     valence                                :         9.00000000
     interstitial                           :         2.09523912
     charge in muffin-tin spheres :
                  atom     1    Al          :        10.90476088
     total charge in muffin-tins            :        10.90476088
     total charge                           :        13.00000000
 
 Wall time (seconds)                        :         6.33
 
 RMS change in effective potential (target) :  0.509293E-06  ( 0.100000E-05)
 Absolute change in total energy   (target) :  0.122243E-03  ( 0.100000E-05)
 Charge distance                   (target) :  0.966165E-06  ( 0.100000E-04)
 Abs. change in max-nonIBS-force   (target) :   0.00000      ( 0.500000E-04)
 
++++++++++++++++++++++++++++++++++++++++++++++++++++++++++++++++++++++++++++++++
+ SCF iteration number :   10                                                  +
++++++++++++++++++++++++++++++++++++++++++++++++++++++++++++++++++++++++++++++++
 Total energy                               :      -242.81511915
 _______________________________________________________________
 Fermi energy                               :         0.25919822
 Kinetic energy                             :       243.36475222
 Coulomb energy                             :      -467.52503696
 Exchange energy                            :       -18.13860665
 Correlation energy                         :        -0.51622776
 Sum of eigenvalues                         :      -129.33204480
 Effective potential energy                 :      -372.69679701
 Coulomb potential energy                   :      -348.61701124
 xc potential energy                        :       -24.07978577
 Hartree energy                             :        74.83937781
 Electron-nuclear energy                    :      -498.29576686
 Nuclear-nuclear energy                     :       -44.06864791
 Madelung energy                            :      -293.21653134
 Core-electron kinetic energy               :         0.00000000
 
 DOS at Fermi energy (states/Ha/cell)       :       771.31235392
 
 Electron charges :
     core                                   :         4.00000000
     core leakage                           :         0.00134129
     valence                                :         9.00000000
     interstitial                           :         2.09523912
     charge in muffin-tin spheres :
                  atom     1    Al          :        10.90476088
     total charge in muffin-tins            :        10.90476088
     total charge                           :        13.00000000
 
 Wall time (seconds)                        :         6.96
 
 RMS change in effective potential (target) :  0.299567E-07  ( 0.100000E-05)
 Absolute change in total energy   (target) :  0.903476E-05  ( 0.100000E-05)
 Charge distance                   (target) :  0.986818E-07  ( 0.100000E-04)
 Abs. change in max-nonIBS-force   (target) :   0.00000      ( 0.500000E-04)
 
++++++++++++++++++++++++++++++++++++++++++++++++++++++++++++++++++++++++++++++++
+ SCF iteration number :   11                                                  +
++++++++++++++++++++++++++++++++++++++++++++++++++++++++++++++++++++++++++++++++
 Total energy                               :      -242.81511891
 _______________________________________________________________
 Fermi energy                               :         0.25919822
 Kinetic energy                             :       243.36475309
 Coulomb energy                             :      -467.52503756
 Exchange energy                            :       -18.13860667
 Correlation energy                         :        -0.51622776
 Sum of eigenvalues                         :      -129.33204440
 Effective potential energy                 :      -372.69679749
 Coulomb potential energy                   :      -348.61701168
 xc potential energy                        :       -24.07978581
 Hartree energy                             :        74.83937797
 Electron-nuclear energy                    :      -498.29576763
 Nuclear-nuclear energy                     :       -44.06864791
 Madelung energy                            :      -293.21653172
 Core-electron kinetic energy               :         0.00000000
 
 DOS at Fermi energy (states/Ha/cell)       :       771.31142807
 
 Electron charges :
     core                                   :         4.00000000
     core leakage                           :         0.00134129
     valence                                :         9.00000000
     interstitial                           :         2.09523913
     charge in muffin-tin spheres :
                  atom     1    Al          :        10.90476087
     total charge in muffin-tins            :        10.90476087
     total charge                           :        13.00000000
 
 Wall time (seconds)                        :         7.52
 
 RMS change in effective potential (target) :  0.241346E-07  ( 0.100000E-05)
 Absolute change in total energy   (target) :  0.238734E-06  ( 0.100000E-05)
 Charge distance                   (target) :  0.210650E-07  ( 0.100000E-04)
 Abs. change in max-nonIBS-force   (target) :   0.00000      ( 0.500000E-04)
 
++++++++++++++++++++++++++++++++++++++++++++++++++++++++++++++++++++++++++++++++
+ SCF iteration number :   12                                                  +
++++++++++++++++++++++++++++++++++++++++++++++++++++++++++++++++++++++++++++++++
 Total energy                               :      -242.81511858
 _______________________________________________________________
 Fermi energy                               :         0.25919822
 Kinetic energy                             :       243.36475331
 Coulomb energy                             :      -467.52503747
 Exchange energy                            :       -18.13860666
 Correlation energy                         :        -0.51622776
 Sum of eigenvalues                         :      -129.33204416
 Effective potential energy                 :      -372.69679747
 Coulomb potential energy                   :      -348.61701168
 xc potential energy                        :       -24.07978580
 Hartree energy                             :        74.83937789
 Electron-nuclear energy                    :      -498.29576745
 Nuclear-nuclear energy                     :       -44.06864791
 Madelung energy                            :      -293.21653163
 Core-electron kinetic energy               :         0.00000000
 
 DOS at Fermi energy (states/Ha/cell)       :       771.31111314
 
 Electron charges :
     core                                   :         4.00000000
     core leakage                           :         0.00134129
     valence                                :         9.00000000
     interstitial                           :         2.09523913
     charge in muffin-tin spheres :
                  atom     1    Al          :        10.90476087
     total charge in muffin-tins            :        10.90476087
     total charge                           :        13.00000000
 
 Wall time (seconds)                        :         8.09
 
 RMS change in effective potential (target) :  0.169835E-07  ( 0.100000E-05)
 Absolute change in total energy   (target) :  0.326656E-06  ( 0.100000E-05)
 Charge distance                   (target) :  0.581204E-08  ( 0.100000E-04)
 Abs. change in max-nonIBS-force   (target) :   0.00000      ( 0.500000E-04)
                                                                                
++++++++++++++++++++++++++++++++++++++++++++++++++++++++++++++++++++++++++++++++
| Convergency criteria checked for the last 2 iterations                       +
| Convergence targets achieved. Performing final SCF iteration                 +
++++++++++++++++++++++++++++++++++++++++++++++++++++++++++++++++++++++++++++++++
 Total energy                               :      -242.81511850
 _______________________________________________________________
 Fermi energy                               :         0.25919822
 Kinetic energy                             :       243.36475334
 Coulomb energy                             :      -467.52503742
 Exchange energy                            :       -18.13860666
 Correlation energy                         :        -0.51622776
 Sum of eigenvalues                         :      -129.33204411
 Effective potential energy                 :      -372.69679745
 Coulomb potential energy                   :      -348.61701166
 xc potential energy                        :       -24.07978579
 Hartree energy                             :        74.83937786
 Electron-nuclear energy                    :      -498.29576737
 Nuclear-nuclear energy                     :       -44.06864791
 Madelung energy                            :      -293.21653159
 Core-electron kinetic energy               :         0.00000000
 
 DOS at Fermi energy (states/Ha/cell)       :       771.31107025
 
 Electron charges :
     core                                   :         4.00000000
     core leakage                           :         0.00134129
     valence                                :         9.00000000
     interstitial                           :         2.09523913
     charge in muffin-tin spheres :
                  atom     1    Al          :        10.90476087
     total charge in muffin-tins            :        10.90476087
     total charge                           :        13.00000000
 
++++++++++++++++++++++++++++++++++++++++++++++++++++++++++++++++++++++++++++++++
+ Self-consistent loop stopped                                                 +
++++++++++++++++++++++++++++++++++++++++++++++++++++++++++++++++++++++++++++++++
 STATE.OUT is written
 
--------------------------------------------------------------------------------
- Writing atomic positions and forces                                          -
--------------------------------------------------------------------------------
 
 Atomic positions (lattice) :
 atom     1  Al  :     0.00000000    0.00000000    0.00000000
 
 Total atomic forces including IBS (cartesian) :
 atom     1  Al  :     0.00000000    0.00000000    0.00000000
 
 Atomic force components including IBS (cartesian) :
 atom     1  Al  :     0.00000000    0.00000000    0.00000000   HF force
                 :     0.00000000    0.00000000    0.00000000   core correction
                 :     0.00000000    0.00000000    0.00000000   IBS correction
 
********************************************************************************
* Groundstate module stopped                                                   *
********************************************************************************
 
--------------------------------------------------------------------------------
- Timings (seconds)                                                            -
--------------------------------------------------------------------------------
 Initialisation                             :         0.59
 Hamiltonian and overlap matrix set up      :         0.03
 First-variational secular equation         :         0.10
 Calculation of charge-density              :         0.16
 Calculation of potential                   :         3.48
 Muffin-tin manipulations                   :         3.95
 APW matching                               :         0.05
 Disk reads/writes                          :         0.41
 Mixing efforts                             :         0.00
 Calculation of force                       :         0.02
 Solver of Dirac eqn.                       :         0.22
 Solver of rel. Schroedinger eqn.           :         2.95
 Total time spent in radial solvers         :         3.18
 
 Total time spent (seconds)                 :         7.25
================================================================================
| EXCITING NITROGEN-14 stopped                                                 =
================================================================================
