    -242.568203587    
    -242.631668435    
    -242.690889993    
    -242.779880782    
    -242.844583410    
    -242.818325933    
    -242.814692337    
    -242.815005939    
    -242.815128180    
    -242.815119150    
    -242.815118910    
    -242.815118582    
    -242.815118502    

