 
 (dielectric tensor, random phase approximation)
 
 frequency index and value:      1    0.00000000
 real part, imaginary part below
    6.07876641    0.00000000    0.00000000         0.00000000    0.00000000    0.00000000
    0.00000000    6.07876641    0.00000000         0.00000000    0.00000000    0.00000000
    0.00000000    0.00000000    6.07876641         0.00000000    0.00000000    0.00000000
 
