    10 : nkpt
    10 : nstsv
 
     1   0.000000000       0.000000000       0.000000000     : k-point, vkl
 (state, eigenvalue and occupancy below)
     1 -0.3956271741       2.000000000    
     2  0.3489511970       2.000000000    
     3  0.3489512011       2.000000000    
     4  0.3489512011       2.000000000    
     5  0.6701576559       0.000000000    
     6  0.6701576559       0.000000000    
     7  0.6701589392       0.000000000    
     8  0.7262074191       0.000000000    
     9   1.248754455       0.000000000    
    10   1.364709427       0.000000000    
 
 
     2  0.2500000000       0.000000000       0.000000000     : k-point, vkl
 (state, eigenvalue and occupancy below)
     1 -0.3409556266       2.000000000    
     2  0.1460346514       2.000000000    
     3  0.3071357955       2.000000000    
     4  0.3071359231       2.000000000    
     5  0.7003896826       0.000000000    
     6  0.7261146468       0.000000000    
     7  0.7261156441       0.000000000    
     8  0.8447960727       0.000000000    
     9   1.198988220       0.000000000    
    10   1.208710315       0.000000000    
 
 
     3  0.5000000000       0.000000000       0.000000000     : k-point, vkl
 (state, eigenvalue and occupancy below)
     1 -0.2386856328       2.000000000    
     2 -0.4770931517E-01   2.000000000    
     3  0.2771544977       2.000000000    
     4  0.2771546843       2.000000000    
     5  0.7192989850       0.000000000    
     6  0.7387306196       0.000000000    
     7  0.7387314549       0.000000000    
     8  0.9038178072       0.000000000    
     9   1.201746447       0.000000000    
    10   1.329396045       0.000000000    
 
 
     4  0.7500000000       0.000000000       0.000000000     : k-point, vkl
 (state, eigenvalue and occupancy below)
     1 -0.3409556266       2.000000000    
     2  0.1460346514       2.000000000    
     3  0.3071357955       2.000000000    
     4  0.3071359231       2.000000000    
     5  0.7003896826       0.000000000    
     6  0.7261146468       0.000000000    
     7  0.7261156441       0.000000000    
     8  0.8447960727       0.000000000    
     9   1.198988220       0.000000000    
    10   1.208710315       0.000000000    
 
 
     5  0.2500000000      0.2500000000       0.000000000     : k-point, vkl
 (state, eigenvalue and occupancy below)
     1 -0.3230336149       2.000000000    
     2  0.2024051778       2.000000000    
     3  0.2371501313       2.000000000    
     4  0.2371503057       2.000000000    
     5  0.5936668487       0.000000000    
     6  0.7685868664       0.000000000    
     7  0.8410486490       0.000000000    
     8  0.8410492909       0.000000000    
     9   1.013491975       0.000000000    
    10   1.341183283       0.000000000    
 
 
     6  0.5000000000      0.2500000000       0.000000000     : k-point, vkl
 (state, eigenvalue and occupancy below)
     1 -0.2225879310       2.000000000    
     2  0.2480085070E-01   2.000000000    
     3  0.1579288428       2.000000000    
     4  0.2134111009       2.000000000    
     5  0.6202441549       0.000000000    
     6  0.8256376420       0.000000000    
     7  0.8781839470       0.000000000    
     8  0.8835706053       0.000000000    
     9   1.076267455       0.000000000    
    10   1.317894439       0.000000000    
 
 
     7  0.7500000000      0.2500000000       0.000000000     : k-point, vkl
 (state, eigenvalue and occupancy below)
     1 -0.2599637855       2.000000000    
     2  0.6838493393E-01   2.000000000    
     3  0.1414578937       2.000000000    
     4  0.2714030020       2.000000000    
     5  0.7011348364       0.000000000    
     6  0.7937606238       0.000000000    
     7  0.8179453053       0.000000000    
     8  0.8811087448       0.000000000    
     9   1.131038528       0.000000000    
    10   1.151407149       0.000000000    
 
 
     8  0.5000000000      0.5000000000       0.000000000     : k-point, vkl
 (state, eigenvalue and occupancy below)
     1 -0.1880174795       2.000000000    
     2  0.1895069133E-01   2.000000000    
     3  0.1671176376       2.000000000    
     4  0.1671178570       2.000000000    
     5  0.5055849876       0.000000000    
     6  0.6821592618       0.000000000    
     7   1.007023950       0.000000000    
     8   1.007024468       0.000000000    
     9   1.109826601       0.000000000    
    10   1.345987512       0.000000000    
 
 
     9  0.7500000000      0.5000000000       0.000000000     : k-point, vkl
 (state, eigenvalue and occupancy below)
     1 -0.2225879310       2.000000000    
     2  0.2480085070E-01   2.000000000    
     3  0.1579288428       2.000000000    
     4  0.2134111009       2.000000000    
     5  0.6202441549       0.000000000    
     6  0.8256376420       0.000000000    
     7  0.8781839470       0.000000000    
     8  0.8835706053       0.000000000    
     9   1.076267455       0.000000000    
    10   1.317894439       0.000000000    
 
 
    10  0.7500000000      0.5000000000      0.2500000000     : k-point, vkl
 (state, eigenvalue and occupancy below)
     1 -0.1760955965       2.000000000    
     2  0.6915579123E-01   2.000000000    
     3  0.8954632397E-01   2.000000000    
     4  0.1064214706       2.000000000    
     5  0.6956598221       0.000000000    
     6  0.8356484337       0.000000000    
     7  0.8745266018       0.000000000    
     8  0.8876972259       0.000000000    
     9   1.055620007       0.000000000    
    10   1.285684146       0.000000000    
 
