================================================================================
| EXCITING OXYGEN started                                                      =
| version hash id: db1af6655483acc0d004c84381c13b590f8da658                    =
|                                                                              =
| compiler: ifort (IFORT) 19.0.0.117 20180804                                  =
|                                                                              =
|                                                                              =
| Date (DD-MM-YYYY) : 06-04-2022                                               =
| Time (hh:mm:ss)   : 12:35:06                                                 =
|                                                                              =
| All units are atomic (Hartree, Bohr, etc.)                                   =
================================================================================
 
********************************************************************************
* Ground-state run starting from atomic densities                              *
********************************************************************************
 
++++++++++++++++++++++++++++++++++++++++++++++++++++++++++++++++++++++++++++++++
+ Starting initialization                                                      +
++++++++++++++++++++++++++++++++++++++++++++++++++++++++++++++++++++++++++++++++
 
 Lattice vectors (cartesian) :
      3.4156800000      0.0000000000      3.4156800000
      0.0000000000      3.4156800000      3.4156800000
      3.4156800000      3.4156800000      0.0000000000
 
 Reciprocal lattice vectors (cartesian) :
      0.9197561404     -0.9197561404      0.9197561404
     -0.9197561404      0.9197561404      0.9197561404
      0.9197561404      0.9197561404     -0.9197561404
 
 Unit cell volume                           :      79.7005881032
 Brillouin zone volume                      :       3.1122758231
 
 Automatic determination of muffin-tin radii :
     global rmt scale                       :       0.9500000000
 
 Species :    1 (B)
     parameters loaded from                 :    B.xml
     name                                   :    boron
     nuclear charge                         :      -5.00000000
     electronic charge                      :       5.00000000
     atomic mass                            :   19707.24741000
     muffin-tin radius                      :       1.36040000
     # of radial points in muffin-tin       :     250
 
     atomic positions (lattice) :
       1 :   0.00000000  0.00000000  0.00000000
 
 Species :    2 (N)
     parameters loaded from                 :    N.xml
     name                                   :    nitrogen
     nuclear charge                         :      -7.00000000
     electronic charge                      :       7.00000000
     atomic mass                            :   25532.72506000
     muffin-tin radius                      :       1.44960000
     # of radial points in muffin-tin       :     250
 
     atomic positions (lattice) :
       1 :   0.25000000  0.25000000  0.25000000
 
 Total number of atoms per unit cell        :       2
 
 Spin treatment                             :    spin-unpolarised
 
 Number of Bravais lattice symmetries       :      48
 Number of crystal symmetries               :      24
 
 k-point grid                               :       4    4    4
 Total number of k-points                   :      10
 k-point set is reduced with crystal symmetries
 
 R^MT_min * |G+k|_max (rgkmax)              :       7.00000000
 Species with R^MT_min                      :       1 (B)
 Maximum |G+k| for APW functions            :       5.14554543
 Maximum |G| for potential and density      :      14.00000000
 
 G-vector grid sizes                        :      24    24    24
 Total number of G-vectors                  :    3695
 
 Maximum angular momentum used for
     APW functions                          :       8
     computing H and O matrix elements      :       8
     potential and density                  :       8
     inner part of muffin-tin               :       2
 
 Total nuclear charge                       :     -12.00000000
 Total electronic charge                    :      12.00000000
 Total core charge                          :       4.00000000
 Total valence charge                       :       8.00000000
 
 Number of empty states                     :       5
 Total number of valence states             :      10
 
 Maximum Hamiltonian size                   :     208
 Maximum number of plane-waves              :     200
 Total number of local-orbitals             :       8
 
 Exchange-correlation type                  :      22
     PBEsol, Phys. Rev. Lett. 100, 136406 (2008)
     Generalised gradient approximation (GGA)
 
 Smearing scheme                            :    Gaussian
 Smearing width                             :       0.00100000
 
 Using multisecant Broyden potential mixing
 
++++++++++++++++++++++++++++++++++++++++++++++++++++++++++++++++++++++++++++++++
+ Ending initialization                                                        +
++++++++++++++++++++++++++++++++++++++++++++++++++++++++++++++++++++++++++++++++
 
********************************************************************************
* Groundstate module started                                                   *
********************************************************************************
 Output level for this task is set to normal
 
++++++++++++++++++++++++++++++++++++++++++++++++++++++++++++++++++++++++++++++++
+ Self-consistent loop started                                                 +
++++++++++++++++++++++++++++++++++++++++++++++++++++++++++++++++++++++++++++++++
 Density and potential initialised from atomic data
 
 
++++++++++++++++++++++++++++++++++++++++++++++++++++++++++++++++++++++++++++++++
+ SCF iteration number :    1                                                  +
++++++++++++++++++++++++++++++++++++++++++++++++++++++++++++++++++++++++++++++++
 Total energy                               :       -80.92013902
 _______________________________________________________________
 Fermi energy                               :         0.38586938
 Kinetic energy                             :        78.38790508
 Coulomb energy                             :      -148.47642205
 Exchange energy                            :       -10.34187376
 Correlation energy                         :        -0.48974829
 
 DOS at Fermi energy (states/Ha/cell)       :         0.00000000
 
 Electron charges :
     core                                   :         4.00000000
     core leakage                           :         0.00145764
     valence                                :         8.00000000
     interstitial                           :         3.02538670
     charge in muffin-tin spheres :
                  atom     1     B          :         2.99002586
                  atom     2     N          :         5.98458743
     total charge in muffin-tins            :         8.97461330
     total charge                           :        12.00000000
 
 Estimated fundamental gap                  :         0.21978870
        valence-band maximum at    1      0.0000  0.0000  0.0000
     conduction-band minimum at    8      0.5000  0.5000  0.0000
 
 Wall time (seconds)                        :         1.02
 
++++++++++++++++++++++++++++++++++++++++++++++++++++++++++++++++++++++++++++++++
+ SCF iteration number :    2                                                  +
++++++++++++++++++++++++++++++++++++++++++++++++++++++++++++++++++++++++++++++++
 Total energy                               :       -80.11253874
 _______________________________________________________________
 Fermi energy                               :         0.40596493
 Kinetic energy                             :        78.69492932
 Coulomb energy                             :      -148.04785684
 Exchange energy                            :       -10.26761647
 Correlation energy                         :        -0.49199475
 
 DOS at Fermi energy (states/Ha/cell)       :         0.00000000
 
 Electron charges :
     core                                   :         4.00000000
     core leakage                           :         0.00145013
     valence                                :         8.00000000
     interstitial                           :         3.13431468
     charge in muffin-tin spheres :
                  atom     1     B          :         3.05996702
                  atom     2     N          :         5.80571830
     total charge in muffin-tins            :         8.86568532
     total charge                           :        12.00000000
 
 Estimated fundamental gap                  :         0.18728508
        valence-band maximum at    1      0.0000  0.0000  0.0000
     conduction-band minimum at    8      0.5000  0.5000  0.0000
 
 Wall time (seconds)                        :         1.67
 
 RMS change in effective potential (target) :   1.18407      ( 0.100000E-05)
 Absolute change in total energy   (target) :  0.807600      ( 0.100000E-05)
 Charge distance                   (target) :  0.301184E-01  ( 0.100000E-04)
 
++++++++++++++++++++++++++++++++++++++++++++++++++++++++++++++++++++++++++++++++
+ SCF iteration number :    3                                                  +
++++++++++++++++++++++++++++++++++++++++++++++++++++++++++++++++++++++++++++++++
 Total energy                               :       -79.73170506
 _______________________________________________________________
 Fermi energy                               :         0.41619094
 Kinetic energy                             :        78.84411741
 Coulomb energy                             :      -147.84815483
 Exchange energy                            :       -10.23450778
 Correlation energy                         :        -0.49315986
 
 DOS at Fermi energy (states/Ha/cell)       :         0.00000000
 
 Electron charges :
     core                                   :         4.00000000
     core leakage                           :         0.00144882
     valence                                :         8.00000000
     interstitial                           :         3.18726452
     charge in muffin-tin spheres :
                  atom     1     B          :         3.08659841
                  atom     2     N          :         5.72613707
     total charge in muffin-tins            :         8.81273548
     total charge                           :        12.00000000
 
 Estimated fundamental gap                  :         0.17175337
        valence-band maximum at    1      0.0000  0.0000  0.0000
     conduction-band minimum at    8      0.5000  0.5000  0.0000
 
 Wall time (seconds)                        :         2.31
 
 RMS change in effective potential (target) :  0.867612      ( 0.100000E-05)
 Absolute change in total energy   (target) :  0.380834      ( 0.100000E-05)
 Charge distance                   (target) :  0.133780E-01  ( 0.100000E-04)
 
++++++++++++++++++++++++++++++++++++++++++++++++++++++++++++++++++++++++++++++++
+ SCF iteration number :    4                                                  +
++++++++++++++++++++++++++++++++++++++++++++++++++++++++++++++++++++++++++++++++
 Total energy                               :       -79.94096051
 _______________________________________________________________
 Fermi energy                               :         0.41433376
 Kinetic energy                             :        78.87266087
 Coulomb energy                             :      -148.05487212
 Exchange energy                            :       -10.26606631
 Correlation energy                         :        -0.49268296
 
 DOS at Fermi energy (states/Ha/cell)       :         0.00000000
 
 Electron charges :
     core                                   :         4.00000000
     core leakage                           :         0.00147472
     valence                                :         8.00000000
     interstitial                           :         3.15955776
     charge in muffin-tin spheres :
                  atom     1     B          :         3.00931062
                  atom     2     N          :         5.83113161
     total charge in muffin-tins            :         8.84044224
     total charge                           :        12.00000000
 
 Estimated fundamental gap                  :         0.18003732
        valence-band maximum at    1      0.0000  0.0000  0.0000
     conduction-band minimum at    8      0.5000  0.5000  0.0000
 
 Wall time (seconds)                        :         2.96
 
 RMS change in effective potential (target) :  0.806755E-01  ( 0.100000E-05)
 Absolute change in total energy   (target) :  0.209255      ( 0.100000E-05)
 Charge distance                   (target) :  0.205980E-01  ( 0.100000E-04)
 
++++++++++++++++++++++++++++++++++++++++++++++++++++++++++++++++++++++++++++++++
+ SCF iteration number :    5                                                  +
++++++++++++++++++++++++++++++++++++++++++++++++++++++++++++++++++++++++++++++++
 Total energy                               :       -79.28991572
 _______________________________________________________________
 Fermi energy                               :         0.42939960
 Kinetic energy                             :        79.05398217
 Coulomb energy                             :      -147.64938939
 Exchange energy                            :       -10.19980080
 Correlation energy                         :        -0.49470770
 
 DOS at Fermi energy (states/Ha/cell)       :         0.00000000
 
 Electron charges :
     core                                   :         4.00000000
     core leakage                           :         0.00145387
     valence                                :         8.00000000
     interstitial                           :         3.25341890
     charge in muffin-tin spheres :
                  atom     1     B          :         3.09675269
                  atom     2     N          :         5.64982841
     total charge in muffin-tins            :         8.74658110
     total charge                           :        12.00000000
 
 Estimated fundamental gap                  :         0.15218204
        valence-band maximum at    1      0.0000  0.0000  0.0000
     conduction-band minimum at    8      0.5000  0.5000  0.0000
 
 Wall time (seconds)                        :         3.60
 
 RMS change in effective potential (target) :  0.181884E-01  ( 0.100000E-05)
 Absolute change in total energy   (target) :  0.651045      ( 0.100000E-05)
 Charge distance                   (target) :  0.311701E-01  ( 0.100000E-04)
 
++++++++++++++++++++++++++++++++++++++++++++++++++++++++++++++++++++++++++++++++
+ SCF iteration number :    6                                                  +
++++++++++++++++++++++++++++++++++++++++++++++++++++++++++++++++++++++++++++++++
 Total energy                               :       -79.36625361
 _______________________________________________________________
 Fermi energy                               :         0.42771046
 Kinetic energy                             :        79.03807882
 Coulomb energy                             :      -147.70137836
 Exchange energy                            :       -10.20851634
 Correlation energy                         :        -0.49443774
 
 DOS at Fermi energy (states/Ha/cell)       :         0.00000000
 
 Electron charges :
     core                                   :         4.00000000
     core leakage                           :         0.00145877
     valence                                :         8.00000000
     interstitial                           :         3.24103591
     charge in muffin-tin spheres :
                  atom     1     B          :         3.08243233
                  atom     2     N          :         5.67653177
     total charge in muffin-tins            :         8.75896409
     total charge                           :        12.00000000
 
 Estimated fundamental gap                  :         0.15603679
        valence-band maximum at    1      0.0000  0.0000  0.0000
     conduction-band minimum at    8      0.5000  0.5000  0.0000
 
 Wall time (seconds)                        :         4.24
 
 RMS change in effective potential (target) :  0.268728E-02  ( 0.100000E-05)
 Absolute change in total energy   (target) :  0.763379E-01  ( 0.100000E-05)
 Charge distance                   (target) :  0.467806E-02  ( 0.100000E-04)
 
++++++++++++++++++++++++++++++++++++++++++++++++++++++++++++++++++++++++++++++++
+ SCF iteration number :    7                                                  +
++++++++++++++++++++++++++++++++++++++++++++++++++++++++++++++++++++++++++++++++
 Total energy                               :       -79.38339134
 _______________________________________________________________
 Fermi energy                               :         0.42730414
 Kinetic energy                             :        79.03214062
 Coulomb energy                             :      -147.71124751
 Exchange energy                            :       -10.20989336
 Correlation energy                         :        -0.49439110
 
 DOS at Fermi energy (states/Ha/cell)       :         0.00000000
 
 Electron charges :
     core                                   :         4.00000000
     core leakage                           :         0.00145843
     valence                                :         8.00000000
     interstitial                           :         3.23896035
     charge in muffin-tin spheres :
                  atom     1     B          :         3.08133685
                  atom     2     N          :         5.67970279
     total charge in muffin-tins            :         8.76103965
     total charge                           :        12.00000000
 
 Estimated fundamental gap                  :         0.15658628
        valence-band maximum at    1      0.0000  0.0000  0.0000
     conduction-band minimum at    8      0.5000  0.5000  0.0000
 
 Wall time (seconds)                        :         4.89
 
 RMS change in effective potential (target) :  0.231408E-03  ( 0.100000E-05)
 Absolute change in total energy   (target) :  0.171377E-01  ( 0.100000E-05)
 Charge distance                   (target) :  0.532344E-03  ( 0.100000E-04)
 
++++++++++++++++++++++++++++++++++++++++++++++++++++++++++++++++++++++++++++++++
+ SCF iteration number :    8                                                  +
++++++++++++++++++++++++++++++++++++++++++++++++++++++++++++++++++++++++++++++++
 Total energy                               :       -79.38470527
 _______________________________________________________________
 Fermi energy                               :         0.42726789
 Kinetic energy                             :        79.03179139
 Coulomb energy                             :      -147.71208627
 Exchange energy                            :       -10.21002319
 Correlation energy                         :        -0.49438720
 
 DOS at Fermi energy (states/Ha/cell)       :         0.00000000
 
 Electron charges :
     core                                   :         4.00000000
     core leakage                           :         0.00145850
     valence                                :         8.00000000
     interstitial                           :         3.23877394
     charge in muffin-tin spheres :
                  atom     1     B          :         3.08115483
                  atom     2     N          :         5.68007123
     total charge in muffin-tins            :         8.76122606
     total charge                           :        12.00000000
 
 Estimated fundamental gap                  :         0.15663480
        valence-band maximum at    1      0.0000  0.0000  0.0000
     conduction-band minimum at    8      0.5000  0.5000  0.0000
 
 Wall time (seconds)                        :         5.54
 
 RMS change in effective potential (target) :  0.184504E-04  ( 0.100000E-05)
 Absolute change in total energy   (target) :  0.131393E-02  ( 0.100000E-05)
 Charge distance                   (target) :  0.631988E-04  ( 0.100000E-04)
 
++++++++++++++++++++++++++++++++++++++++++++++++++++++++++++++++++++++++++++++++
+ SCF iteration number :    9                                                  +
++++++++++++++++++++++++++++++++++++++++++++++++++++++++++++++++++++++++++++++++
 Total energy                               :       -79.38465426
 _______________________________________________________________
 Fermi energy                               :         0.42726809
 Kinetic energy                             :        79.03181240
 Coulomb energy                             :      -147.71205844
 Exchange energy                            :       -10.21002092
 Correlation energy                         :        -0.49438730
 
 DOS at Fermi energy (states/Ha/cell)       :         0.00000000
 
 Electron charges :
     core                                   :         4.00000000
     core leakage                           :         0.00145851
     valence                                :         8.00000000
     interstitial                           :         3.23877732
     charge in muffin-tin spheres :
                  atom     1     B          :         3.08115119
                  atom     2     N          :         5.68007149
     total charge in muffin-tins            :         8.76122268
     total charge                           :        12.00000000
 
 Estimated fundamental gap                  :         0.15663406
        valence-band maximum at    1      0.0000  0.0000  0.0000
     conduction-band minimum at    8      0.5000  0.5000  0.0000
 
 Wall time (seconds)                        :         6.19
 
 RMS change in effective potential (target) :  0.362807E-05  ( 0.100000E-05)
 Absolute change in total energy   (target) :  0.510139E-04  ( 0.100000E-05)
 Charge distance                   (target) :  0.900329E-06  ( 0.100000E-04)
 
++++++++++++++++++++++++++++++++++++++++++++++++++++++++++++++++++++++++++++++++
+ SCF iteration number :   10                                                  +
++++++++++++++++++++++++++++++++++++++++++++++++++++++++++++++++++++++++++++++++
 Total energy                               :       -79.38465965
 _______________________________________________________________
 Fermi energy                               :         0.42726806
 Kinetic energy                             :        79.03180941
 Coulomb energy                             :      -147.71206102
 Exchange energy                            :       -10.21002074
 Correlation energy                         :        -0.49438731
 
 DOS at Fermi energy (states/Ha/cell)       :         0.00000000
 
 Electron charges :
     core                                   :         4.00000000
     core leakage                           :         0.00145850
     valence                                :         8.00000000
     interstitial                           :         3.23877756
     charge in muffin-tin spheres :
                  atom     1     B          :         3.08115296
                  atom     2     N          :         5.68006948
     total charge in muffin-tins            :         8.76122244
     total charge                           :        12.00000000
 
 Estimated fundamental gap                  :         0.15663380
        valence-band maximum at    1      0.0000  0.0000  0.0000
     conduction-band minimum at    8      0.5000  0.5000  0.0000
 
 Wall time (seconds)                        :         6.84
 
 RMS change in effective potential (target) :  0.390655E-06  ( 0.100000E-05)
 Absolute change in total energy   (target) :  0.539335E-05  ( 0.100000E-05)
 Charge distance                   (target) :  0.447503E-06  ( 0.100000E-04)
 
++++++++++++++++++++++++++++++++++++++++++++++++++++++++++++++++++++++++++++++++
+ SCF iteration number :   11                                                  +
++++++++++++++++++++++++++++++++++++++++++++++++++++++++++++++++++++++++++++++++
 Total energy                               :       -79.38465872
 _______________________________________________________________
 Fermi energy                               :         0.42726809
 Kinetic energy                             :        79.03180994
 Coulomb energy                             :      -147.71206064
 Exchange energy                            :       -10.21002071
 Correlation energy                         :        -0.49438731
 
 DOS at Fermi energy (states/Ha/cell)       :         0.00000000
 
 Electron charges :
     core                                   :         4.00000000
     core leakage                           :         0.00145850
     valence                                :         8.00000000
     interstitial                           :         3.23877762
     charge in muffin-tin spheres :
                  atom     1     B          :         3.08115284
                  atom     2     N          :         5.68006954
     total charge in muffin-tins            :         8.76122238
     total charge                           :        12.00000000
 
 Estimated fundamental gap                  :         0.15663379
        valence-band maximum at    1      0.0000  0.0000  0.0000
     conduction-band minimum at    8      0.5000  0.5000  0.0000
 
 Wall time (seconds)                        :         7.49
 
 RMS change in effective potential (target) :  0.218630E-07  ( 0.100000E-05)
 Absolute change in total energy   (target) :  0.931006E-06  ( 0.100000E-05)
 Charge distance                   (target) :  0.276171E-07  ( 0.100000E-04)
 
++++++++++++++++++++++++++++++++++++++++++++++++++++++++++++++++++++++++++++++++
+ SCF iteration number :   12                                                  +
++++++++++++++++++++++++++++++++++++++++++++++++++++++++++++++++++++++++++++++++
 Total energy                               :       -79.38465863
 _______________________________________________________________
 Fermi energy                               :         0.42726809
 Kinetic energy                             :        79.03180996
 Coulomb energy                             :      -147.71206058
 Exchange energy                            :       -10.21002070
 Correlation energy                         :        -0.49438731
 
 DOS at Fermi energy (states/Ha/cell)       :         0.00000000
 
 Electron charges :
     core                                   :         4.00000000
     core leakage                           :         0.00145850
     valence                                :         8.00000000
     interstitial                           :         3.23877764
     charge in muffin-tin spheres :
                  atom     1     B          :         3.08115286
                  atom     2     N          :         5.68006950
     total charge in muffin-tins            :         8.76122236
     total charge                           :        12.00000000
 
 Estimated fundamental gap                  :         0.15663379
        valence-band maximum at    1      0.0000  0.0000  0.0000
     conduction-band minimum at    8      0.5000  0.5000  0.0000
 
 Wall time (seconds)                        :         8.14
 
 RMS change in effective potential (target) :  0.221403E-08  ( 0.100000E-05)
 Absolute change in total energy   (target) :  0.894020E-07  ( 0.100000E-05)
 Charge distance                   (target) :  0.620039E-08  ( 0.100000E-04)
                                                                                
++++++++++++++++++++++++++++++++++++++++++++++++++++++++++++++++++++++++++++++++
| Convergency criteria checked for the last 2 iterations                       +
| Convergence targets achieved. Performing final SCF iteration                 +
++++++++++++++++++++++++++++++++++++++++++++++++++++++++++++++++++++++++++++++++
 Total energy                               :       -79.38465862
 _______________________________________________________________
 Fermi energy                               :         0.42726809
 Kinetic energy                             :        79.03180996
 Coulomb energy                             :      -147.71206057
 Exchange energy                            :       -10.21002070
 Correlation energy                         :        -0.49438731
 
 DOS at Fermi energy (states/Ha/cell)       :         0.00000000
 
 Electron charges :
     core                                   :         4.00000000
     core leakage                           :         0.00145850
     valence                                :         8.00000000
     interstitial                           :         3.23877764
     charge in muffin-tin spheres :
                  atom     1     B          :         3.08115286
                  atom     2     N          :         5.68006950
     total charge in muffin-tins            :         8.76122236
     total charge                           :        12.00000000
 
 Estimated fundamental gap                  :         0.15663379
        valence-band maximum at    1      0.0000  0.0000  0.0000
     conduction-band minimum at    8      0.5000  0.5000  0.0000
 
++++++++++++++++++++++++++++++++++++++++++++++++++++++++++++++++++++++++++++++++
+ Self-consistent loop stopped                                                 +
++++++++++++++++++++++++++++++++++++++++++++++++++++++++++++++++++++++++++++++++
 STATE.OUT is written
 
********************************************************************************
* Groundstate module stopped                                                   *
********************************************************************************
 
 Total time spent (seconds)                 :         7.33
================================================================================
| EXCITING OXYGEN stopped                                                      =
================================================================================
