    -80.9201390235    
    -80.1125387430    
    -79.7317050605    
    -79.9409605104    
    -79.2899157240    
    -79.3662536111    
    -79.3833913411    
    -79.3847052693    
    -79.3846542554    
    -79.3846596488    
    -79.3846587177    
    -79.3846586283    
    -79.3846586175    
 
