 
(rotation matrices are in lattice coordinates)
 
 
Species :    1 (Fe), atom :    1
   8 : nsymsite
 
 Site symmetry :    1
  spatial rotation :
   1   0   0
   0   1   0
   0   0   1
  global spin rotation :
   1   0   0
   0   1   0
   0   0   1
 
 Site symmetry :    2
  spatial rotation :
  -1   0   0
   0  -1   0
   0   0  -1
  global spin rotation :
  -1   0   0
   0  -1   0
   0   0  -1
 
 Site symmetry :    3
  spatial rotation :
  -1   0   1
  -1   0   0
  -1   1   0
  global spin rotation :
  -1   0   1
  -1   0   0
  -1   1   0
 
 Site symmetry :    4
  spatial rotation :
   0  -1   0
   0  -1   1
   1  -1   0
  global spin rotation :
   0  -1   0
   0  -1   1
   1  -1   0
 
 Site symmetry :    5
  spatial rotation :
   0  -1   1
  -1   0   1
   0   0   1
  global spin rotation :
   0  -1   1
  -1   0   1
   0   0   1
 
 Site symmetry :    6
  spatial rotation :
   0   1  -1
   1   0  -1
   0   0  -1
  global spin rotation :
   0   1  -1
   1   0  -1
   0   0  -1
 
 Site symmetry :    7
  spatial rotation :
   0   1   0
   0   1  -1
  -1   1   0
  global spin rotation :
   0   1   0
   0   1  -1
  -1   1   0
 
 Site symmetry :    8
  spatial rotation :
   1   0  -1
   1   0   0
   1  -1   0
  global spin rotation :
   1   0  -1
   1   0   0
   1  -1   0
