 
(structure of a rank 2 tensor, e.g. the dielectric tensor, from symmetry considerations
 with respect to Cartesian coordinates)
 
 Upper limit for number of independent components :      4
 
 ( e_11   0     0   )
 (  0    e_33  e_23 )
 (  0    e_32  e_33 )
 
(symmetrization matrices are in Cartesian coordinates)
 
(1,  1)-component
  1.00000000  0.00000000  0.00000000
  0.00000000  0.00000000  0.00000000
  0.00000000  0.00000000  0.00000000
 
(1,  2)-component ; zero contribution
  0.00000000  0.00000000  0.00000000
  0.00000000  0.00000000  0.00000000
  0.00000000  0.00000000  0.00000000
 
(1,  3)-component ; zero contribution
  0.00000000  0.00000000  0.00000000
  0.00000000  0.00000000  0.00000000
  0.00000000  0.00000000  0.00000000
 
(2,  1)-component ; zero contribution
  0.00000000  0.00000000  0.00000000
  0.00000000  0.00000000  0.00000000
  0.00000000  0.00000000  0.00000000
 
(2,  2)-component
  0.00000000  0.00000000  0.00000000
  0.00000000  0.50000000  0.00000000
  0.00000000  0.00000000  0.50000000
 
(2,  3)-component
  0.00000000  0.00000000  0.00000000
  0.00000000  0.00000000  0.50000000
  0.00000000 -0.50000000  0.00000000
 
(3,  1)-component ; zero contribution
  0.00000000  0.00000000  0.00000000
  0.00000000  0.00000000  0.00000000
  0.00000000  0.00000000  0.00000000
 
(3,  2)-component
  0.00000000  0.00000000  0.00000000
  0.00000000  0.00000000 -0.50000000
  0.00000000  0.50000000  0.00000000
 
(3,  3)-component
  0.00000000  0.00000000  0.00000000
  0.00000000  0.50000000  0.00000000
  0.00000000  0.00000000  0.50000000
 
