   0.000000000      -4.865946065    
   0.000000000       2.671557141    
     
  0.5923843918      -4.865946065    
  0.5923843918       2.671557141    
     
   1.317904137      -4.865946065    
   1.317904137       2.671557141    
     
   2.155662178      -4.865946065    
   2.155662178       2.671557141    
     
   2.574541199      -4.865946065    
   2.574541199       2.671557141    
     
   2.870733395      -4.865946065    
   2.870733395       2.671557141    
     
